<html>
<body>
<pre>
<h1>µVision Build Log</h1>
<h2>Tool Versions:</h2>
IDE-Version: ¦ÌVision V5.26.2.0
Copyright (C) 2018 ARM Ltd and ARM Germany GmbH. All rights reserved.
License Information: 1 Administrator, 1, LIC=8VRJ7-ETX1F-HLMCL-0Z7DJ-M93MF-3ZGIE
 
Tool Versions:
Toolchain:       MDK-ARM Plus  Version: 5.26.2.0
Toolchain Path:  D:\programfile\productive_soft\keil\ARM\ARMCC\Bin
C Compiler:      Armcc.exe V5.06 update 6 (build 750)
Assembler:       Armasm.exe V5.06 update 6 (build 750)
Linker/Locator:  ArmLink.exe V5.06 update 6 (build 750)
Library Manager: ArmAr.exe V5.06 update 6 (build 750)
Hex Converter:   FromElf.exe V5.06 update 6 (build 750)
CPU DLL:         SARMCM3.DLL V5.26.2.0
Dialog DLL:      DCM.DLL V1.17.2.0
Target DLL:      STLink\ST-LINKIII-KEIL_SWO.dll V3.0.5.0
Dialog DLL:      TCM.DLL V1.36.1.0
 
<h2>Project:</h2>
G:\stm32_project\stm32\stm32-HAL-learn\stm32_f429_lvgl\MDK-ARM\f429.uvprojx
Project File Date:  12/14/2020

<h2>Output:</h2>
*** Using Compiler 'V5.06 update 6 (build 750)', folder: 'D:\programfile\productive_soft\keil\ARM\ARMCC\Bin'
Build target 'f429'
compiling stm32f4xx_hal_msp.c...
compiling siic.c...
..\Core\Src\siic.c(53): warning:  #188-D: enumerated type mixed with another type
      HAL_GPIO_WritePin(SIIC_SDA_PORT,SIIC_SDA_PIN,state);
..\Core\Src\siic.c: 1 warning, 0 errors
compiling ft5206.c...
..\Core\Src\ft5206.c(120): warning:  #177-D: variable "i"  was declared but never referenced
  	uint8_t i = 0;
..\Core\Src\ft5206.c(121): warning:  #177-D: variable "touch_state"  was declared but never referenced
  	uint8_t touch_state = 0;
..\Core\Src\ft5206.c: 2 warnings, 0 errors
compiling ltdc.c...
../Core/Src/ltdc.c(239): warning:  #188-D: enumerated type mixed with another type
      HAL_GPIO_WritePin(LCD_BK_GPIO_Port,LCD_BK_Pin,1);
../Core/Src/ltdc.c(244): warning:  #188-D: enumerated type mixed with another type
      HAL_GPIO_WritePin(LCD_BK_GPIO_Port,LCD_BK_Pin,0);
../Core/Src/ltdc.c(307): warning:  #177-D: variable "timeout"  was declared but never referenced
      uint32_t timeout=0;
../Core/Src/ltdc.c(359): warning:  #177-D: variable "timeout"  was declared but never referenced
      uint32_t timeout=0;
../Core/Src/ltdc.c: 4 warnings, 0 errors
compiling touch.c...
..\Core\Src\touch.c(28): warning:  #940-D: missing return statement at end of non-void function "touch_scan" 
  }
..\Core\Src\touch.c: 1 warning, 0 errors
compiling usart.c...
compiling fmc.c...
compiling tim.c...
compiling timer.c...
compiling dma2d.c...
compiling gpio.c...
compiling sdio.c...
compiling dma.c...
compiling main.c...
../Core/Src/main.c(212): warning:  #223-D: function "lv_port_disp_init" declared implicitly
  	lv_port_disp_init();
../Core/Src/main.c(213): warning:  #223-D: function "lv_port_indev_init" declared implicitly
  	lv_port_indev_init();
../Core/Src/main.c(216): warning:  #223-D: function "lv_demo_benchmark" declared implicitly
  	lv_demo_benchmark();
../Core/Src/main.c(231): warning:  #128-D: loop is not reachable
    while (1)
../Core/Src/main.c: 4 warnings, 0 errors
compiling stm32f4xx_hal_dma2d.c...
compiling stm32f4xx_it.c...
compiling stm32f4xx_hal_rcc.c...
compiling stm32f4xx_hal_flash.c...
compiling stm32f4xx_hal_rcc_ex.c...
compiling stm32f4xx_hal_flash_ramfunc.c...
compiling stm32f4xx_hal_flash_ex.c...
compiling stm32f4xx_hal_gpio.c...
compiling stm32f4xx_hal_pwr.c...
compiling stm32f4xx_hal_pwr_ex.c...
compiling stm32f4xx_hal_dma.c...
compiling stm32f4xx_hal_cortex.c...
compiling stm32f4xx_hal.c...
compiling stm32f4xx_hal_dma_ex.c...
compiling stm32f4xx_hal_exti.c...
compiling stm32f4xx_hal_ltdc_ex.c...
compiling stm32f4xx_ll_fmc.c...
compiling stm32f4xx_hal_sdram.c...
compiling stm32f4xx_hal_ltdc.c...
compiling stm32f4xx_hal_dsi.c...
compiling stm32f4xx_ll_sdmmc.c...
compiling system_stm32f4xx.c...
compiling stm32f4xx_hal_sd.c...
compiling bsp_driver_sd.c...
compiling sd_diskio.c...
compiling lv_disp.c...
compiling stm32f4xx_hal_uart.c...
compiling stm32f4xx_hal_tim_ex.c...
compiling fatfs.c...
compiling lv_group.c...
compiling ff_gen_drv.c...
compiling stm32f4xx_hal_tim.c...
compiling diskio.c...
compiling syscall.c...
compiling lv_indev.c...
compiling lv_refr.c...
compiling lv_draw_arc.c...
compiling lv_style.c...
compiling lv_draw_blend.c...
compiling lv_draw_img.c...
compiling ff.c...
compiling lv_draw_line.c...
compiling lv_draw_triangle.c...
compiling lv_font.c...
compiling lv_draw_label.c...
compiling lv_img_cache.c...
compiling lv_draw_mask.c...
..\lvgl\lvgl\src\lv_draw\lv_draw_mask.c(345): warning:  #111-D: statement is unreachable
          return;
..\lvgl\lvgl\src\lv_draw\lv_draw_mask.c(356): warning:  #111-D: statement is unreachable
          return;
..\lvgl\lvgl\src\lv_draw\lv_draw_mask.c: 2 warnings, 0 errors
compiling lv_img_decoder.c...
compiling lv_img_buf.c...
compiling lv_font_fmt_txt.c...
compiling lv_font_dejavu_16_persian_hebrew.c...
compiling lv_obj.c...
..\lvgl\lvgl\src\lv_core\lv_obj.c(4622): warning:  #111-D: statement is unreachable
              break;
..\lvgl\lvgl\src\lv_core\lv_obj.c: 1 warning, 0 errors
compiling lv_font_montserrat_8.c...
compiling lv_draw_rect.c...
compiling lv_font_loader.c...
compiling lv_font_montserrat_12.c...
compiling lv_font_montserrat_12_subpx.c...
compiling lv_font_montserrat_10.c...
compiling lv_font_montserrat_20.c...
compiling lv_font_montserrat_18.c...
compiling lv_font_montserrat_16.c...
compiling lv_font_montserrat_14.c...
compiling lv_font_montserrat_22.c...
compiling lv_font_montserrat_24.c...
compiling lv_font_montserrat_28_compressed.c...
compiling lv_font_montserrat_26.c...
compiling lv_font_montserrat_34.c...
compiling lv_font_montserrat_28.c...
compiling lv_font_montserrat_30.c...
compiling lv_font_montserrat_36.c...
compiling lv_font_montserrat_32.c...
compiling lv_font_montserrat_38.c...
compiling lv_font_montserrat_40.c...
compiling lv_font_montserrat_42.c...
compiling lv_gpu_nxp_pxp.c...
compiling lv_font_unscii_8.c...
compiling lv_font_montserrat_48.c...
compiling lv_font_montserrat_44.c...
compiling lv_font_montserrat_46.c...
compiling lv_font_simsun_16_cjk.c...
compiling lv_font_unscii_16.c...
compiling lv_gpu_nxp_pxp_osa.c...
compiling lv_gpu_nxp_vglite.c...
compiling lv_hal_tick.c...
compiling lv_hal_indev.c...
compiling lv_hal_disp.c...
compiling lv_anim.c...
compiling lv_async.c...
compiling lv_area.c...
compiling lv_bidi.c...
compiling lv_color.c...
compiling lv_debug.c...
compiling lv_gpu_stm32_dma2d.c...
compiling lv_log.c...
compiling lv_gc.c...
compiling lv_ll.c...
compiling lv_fs.c...
compiling lv_math.c...
compiling lv_templ.c...
compiling lv_mem.c...
..\lvgl\lvgl\src\lv_misc\lv_mem.c(540): warning:  #111-D: statement is unreachable
      return NULL;
..\lvgl\lvgl\src\lv_misc\lv_mem.c: 1 warning, 0 errors
compiling lv_utils.c...
compiling lv_printf.c...
compiling lv_txt_ap.c...
compiling lv_task.c...
compiling lv_txt.c...
compiling lv_theme.c...
compiling lv_theme_empty.c...
compiling lv_btn.c...
compiling lv_bar.c...
compiling lv_checkbox.c...
compiling lv_theme_template.c...
compiling lv_arc.c...
compiling lv_calendar.c...
..\lvgl\lvgl\src\lv_widgets\lv_calendar.c(428): warning:  #111-D: statement is unreachable
          return LV_RES_OK;
..\lvgl\lvgl\src\lv_widgets\lv_calendar.c: 1 warning, 0 errors
compiling lv_btnmatrix.c...
compiling lv_cont.c...
compiling lv_theme_mono.c...
compiling lv_imgbtn.c...
compiling lv_gauge.c...
compiling lv_cpicker.c...
compiling lv_dropdown.c...
compiling lv_img.c...
compiling lv_canvas.c...
compiling lv_chart.c...
compiling lv_keyboard.c...
compiling lv_led.c...
compiling lv_theme_material.c...
compiling lv_line.c...
compiling lv_objx_templ.c...
compiling lv_linemeter.c...
compiling lv_objmask.c...
compiling lv_list.c...
compiling lv_msgbox.c...
compiling lv_label.c...
compiling lv_spinner.c...
compiling lv_switch.c...
compiling lv_spinbox.c...
compiling lv_slider.c...
compiling lv_page.c...
compiling lv_roller.c...
compiling lv_tileview.c...
compiling lv_tabview.c...
compiling lv_table.c...
compiling lv_port_fs.c...
compiling lv_win.c...
compiling lv_textarea.c...
compiling img_cogwheel_alpha16.c...
compiling lv_demo_widgets.c...
..\lvgl\lvgl_example\src\lv_demo_widgets\lv_demo_widgets.c(116): warning:  #177-D: variable "btns"  was declared but never referenced
      static const char * btns[] = {"Cancel", "Ok", ""};
..\lvgl\lvgl_example\src\lv_demo_widgets\lv_demo_widgets.c: 1 warning, 0 errors
compiling img_cogwheel_indexed16.c...
compiling lv_demo_benchmark.c...
compiling img_cogwheel_argb.c...
compiling img_cogwheel_chroma_keyed.c...
compiling lv_port_disp.c...
..\lvgl\lvgl_port\lv_port_disp.c(215): warning:  #177-D: variable "h"  was declared but never referenced
  	uint32_t h = area->y2 - area->y1;
..\lvgl\lvgl_port\lv_port_disp.c(216): warning:  #177-D: variable "w"  was declared but never referenced
  	uint32_t w = area->x2 - area->x1;
..\lvgl\lvgl_port\lv_port_disp.c(175): warning:  #177-D: function "dma2d_use_reg_init"  was declared but never referenced
  static void dma2d_use_reg_init(void)
..\lvgl\lvgl_port\lv_port_disp.c: 3 warnings, 0 errors
compiling img_hand.c...
compiling img_cogwheel_rgb.c...
compiling lv_port_indev.c...
..\lvgl\lvgl_port\lv_port_indev.c(222): warning:  #177-D: function "touchpad_is_pressed"  was declared but never referenced
  static bool touchpad_is_pressed(void)
..\lvgl\lvgl_port\lv_port_indev.c(231): warning:  #177-D: function "touchpad_get_xy"  was declared but never referenced
  static void touchpad_get_xy(lv_coord_t * x, lv_coord_t * y)
..\lvgl\lvgl_port\lv_port_indev.c(368): warning:  #177-D: function "encoder_handler"  was declared but never referenced
  static void encoder_handler(void)
..\lvgl\lvgl_port\lv_port_indev.c: 3 warnings, 0 errors
compiling lv_font_montserrat_12_compr_az.c...
compiling lv_font_montserrat_16_compr_az.c...
compiling lv_font_montserrat_28_compr_az.c...
linking...
f429\f429.axf: Warning: L6480W: Disabling string merging for lv_obj.o(.conststring). Relocated MOVT referring to string .conststring has a non-zero addend, which is not supported.
f429\f429.axf: Warning: L6480W: Disabling string merging for lv_draw_mask.o(.conststring). Relocated MOVT referring to string .conststring has a non-zero addend, which is not supported.
f429\f429.axf: Warning: L6480W: Disabling string merging for lv_img_decoder.o(.conststring). Relocated MOVT referring to string .conststring has a non-zero addend, which is not supported.
f429\f429.axf: Warning: L6480W: Disabling string merging for lv_fs.o(.conststring). Relocated MOVT referring to string .conststring has a non-zero addend, which is not supported.
f429\f429.axf: Warning: L6480W: Disabling string merging for lv_mem.o(.conststring). Relocated MOVT referring to string .conststring has a non-zero addend, which is not supported.
f429\f429.axf: Warning: L6480W: Disabling string merging for lv_txt.o(.conststring). Relocated MOVT referring to string .conststring has a non-zero addend, which is not supported.
f429\f429.axf: Warning: L6480W: Disabling string merging for lv_arc.o(.conststring). Relocated MOVT referring to string .conststring has a non-zero addend, which is not supported.
f429\f429.axf: Warning: L6480W: Disabling string merging for lv_cont.o(.conststring). Relocated MOVT referring to string .conststring has a non-zero addend, which is not supported.
f429\f429.axf: Warning: L6480W: Disabling string merging for lv_img.o(.conststring). Relocated MOVT referring to string .conststring has a non-zero addend, which is not supported.
f429\f429.axf: Warning: L6480W: Disabling string merging for lv_label.o(.conststring). Relocated MOVT referring to string .conststring has a non-zero addend, which is not supported.
f429\f429.axf: Warning: L6480W: Disabling string merging for lv_line.o(.conststring). Relocated MOVT referring to string .conststring has a non-zero addend, which is not supported.
f429\f429.axf: Warning: L6480W: Disabling string merging for lv_page.o(.conststring). Relocated MOVT referring to string .conststring has a non-zero addend, which is not supported.
f429\f429.axf: Warning: L6480W: Disabling string merging for lv_table.o(.conststring). Relocated MOVT referring to string .conststring has a non-zero addend, which is not supported.
f429\f429.axf: Warning: L6480W: Disabling string merging for lv_demo_benchmark.o(.conststring). Relocated MOVT referring to string .conststring has a non-zero addend, which is not supported.
Program Size: Code=143412 RO-data=101824 RW-data=2592 ZI-data=4546640  
Finished: 0 information, 14 warning and 0 error messages.
"f429\f429.axf" - 0 Error(s), 38 Warning(s).

<h2>Software Packages used:</h2>

Package Vendor: ARM
                http://www.keil.com/pack/ARM.CMSIS.5.4.0.pack
                ARM.CMSIS.5.4.0
                CMSIS (Cortex Microcontroller Software Interface Standard)
   * Component: CORE Version: 5.1.2

Package Vendor: Keil
                http://www.keil.com/pack/Keil.STM32F4xx_DFP.2.12.0.pack
                Keil.STM32F4xx_DFP.2.12.0
                STMicroelectronics STM32F4 Series Device Support, Drivers and Examples

<h2>Collection of Component include folders:</h2>
  .\RTE\_f429
  D:\programfile\productive_soft\keil\ARM\PACK\ARM\CMSIS\5.4.0\CMSIS\Core\Include
  D:\programfile\productive_soft\keil\ARM\PACK\Keil\STM32F4xx_DFP\2.12.0\Drivers\CMSIS\Device\ST\STM32F4xx\Include

<h2>Collection of Component Files used:</h2>

   * Component: ARM::CMSIS:CORE:5.1.2
Build Time Elapsed:  00:00:06
</pre>
</body>
</html>
