<html>
<body>
<pre>
<h1>µVision Build Log</h1>
<h2>Tool Versions:</h2>
IDE-Version: ¦ÌVision V5.26.2.0
Copyright (C) 2018 ARM Ltd and ARM Germany GmbH. All rights reserved.
License Information: 1 Administrator, 1, LIC=8VRJ7-ETX1F-HLMCL-0Z7DJ-M93MF-3ZGIE
 
Tool Versions:
Toolchain:       MDK-ARM Plus  Version: 5.26.2.0
Toolchain Path:  D:\programfile\productive_soft\keil\ARM\ARMCC\Bin
C Compiler:      Armcc.exe V5.06 update 6 (build 750)
Assembler:       Armasm.exe V5.06 update 6 (build 750)
Linker/Locator:  ArmLink.exe V5.06 update 6 (build 750)
Library Manager: ArmAr.exe V5.06 update 6 (build 750)
Hex Converter:   FromElf.exe V5.06 update 6 (build 750)
CPU DLL:         SARMCM3.DLL V5.26.2.0
Dialog DLL:      DCM.DLL V1.17.2.0
Target DLL:      STLink\ST-LINKIII-KEIL_SWO.dll V3.0.5.0
Dialog DLL:      TCM.DLL V1.36.1.0
 
<h2>Project:</h2>
G:\stm32_project\stm32\stm32-HAL-learn\stm32_f429_lvgl\MDK-ARM\f429.uvprojx
Project File Date:  12/12/2020

<h2>Output:</h2>
*** Using Compiler 'V5.06 update 6 (build 750)', folder: 'D:\programfile\productive_soft\keil\ARM\ARMCC\Bin'
Build target 'f429'
compiling lv_port_indev.c...
..\lvgl\lvgl_port\lv_port_indev.c(222): warning:  #177-D: function "touchpad_is_pressed"  was declared but never referenced
  static bool touchpad_is_pressed(void)
..\lvgl\lvgl_port\lv_port_indev.c(231): warning:  #177-D: function "touchpad_get_xy"  was declared but never referenced
  static void touchpad_get_xy(lv_coord_t * x, lv_coord_t * y)
..\lvgl\lvgl_port\lv_port_indev.c(368): warning:  #177-D: function "encoder_handler"  was declared but never referenced
  static void encoder_handler(void)
..\lvgl\lvgl_port\lv_port_indev.c: 3 warnings, 0 errors
linking...
f429\f429.axf: Warning: L6480W: Disabling string merging for lv_obj.o(.conststring). Relocated MOVT referring to string .conststring has a non-zero addend, which is not supported.
f429\f429.axf: Warning: L6480W: Disabling string merging for lv_draw_mask.o(.conststring). Relocated MOVT referring to string .conststring has a non-zero addend, which is not supported.
f429\f429.axf: Warning: L6480W: Disabling string merging for lv_img_decoder.o(.conststring). Relocated MOVT referring to string .conststring has a non-zero addend, which is not supported.
f429\f429.axf: Warning: L6480W: Disabling string merging for lv_fs.o(.conststring). Relocated MOVT referring to string .conststring has a non-zero addend, which is not supported.
f429\f429.axf: Warning: L6480W: Disabling string merging for lv_mem.o(.conststring). Relocated MOVT referring to string .conststring has a non-zero addend, which is not supported.
f429\f429.axf: Warning: L6480W: Disabling string merging for lv_arc.o(.conststring). Relocated MOVT referring to string .conststring has a non-zero addend, which is not supported.
f429\f429.axf: Warning: L6480W: Disabling string merging for lv_bar.o(.conststring). Relocated MOVT referring to string .conststring has a non-zero addend, which is not supported.
f429\f429.axf: Warning: L6480W: Disabling string merging for lv_btn.o(.conststring). Relocated MOVT referring to string .conststring has a non-zero addend, which is not supported.
f429\f429.axf: Warning: L6480W: Disabling string merging for lv_btnmatrix.o(.conststring). Relocated MOVT referring to string .conststring has a non-zero addend, which is not supported.
f429\f429.axf: Warning: L6480W: Disabling string merging for lv_calendar.o(.conststring). Relocated MOVT referring to string .conststring has a non-zero addend, which is not supported.
f429\f429.axf: Warning: L6480W: Disabling string merging for lv_chart.o(.conststring). Relocated MOVT referring to string .conststring has a non-zero addend, which is not supported.
f429\f429.axf: Warning: L6480W: Disabling string merging for lv_checkbox.o(.conststring). Relocated MOVT referring to string .conststring has a non-zero addend, which is not supported.
f429\f429.axf: Warning: L6480W: Disabling string merging for lv_cont.o(.conststring). Relocated MOVT referring to string .conststring has a non-zero addend, which is not supported.
f429\f429.axf: Warning: L6480W: Disabling string merging for lv_dropdown.o(.conststring). Relocated MOVT referring to string .conststring has a non-zero addend, which is not supported.
f429\f429.axf: Warning: L6480W: Disabling string merging for lv_gauge.o(.conststring). Relocated MOVT referring to string .conststring has a non-zero addend, which is not supported.
f429\f429.axf: Warning: L6480W: Disabling string merging for lv_img.o(.conststring). Relocated MOVT referring to string .conststring has a non-zero addend, which is not supported.
f429\f429.axf: Warning: L6480W: Disabling string merging for lv_keyboard.o(.conststring). Relocated MOVT referring to string .conststring has a non-zero addend, which is not supported.
f429\f429.axf: Warning: L6480W: Disabling string merging for lv_label.o(.conststring). Relocated MOVT referring to string .conststring has a non-zero addend, which is not supported.
f429\f429.axf: Warning: L6480W: Disabling string merging for lv_led.o(.conststring). Relocated MOVT referring to string .conststring has a non-zero addend, which is not supported.
f429\f429.axf: Warning: L6480W: Disabling string merging for lv_linemeter.o(.conststring). Relocated MOVT referring to string .conststring has a non-zero addend, which is not supported.
f429\f429.axf: Warning: L6480W: Disabling string merging for lv_list.o(.conststring). Relocated MOVT referring to string .conststring has a non-zero addend, which is not supported.
f429\f429.axf: Warning: L6480W: Disabling string merging for lv_page.o(.conststring). Relocated MOVT referring to string .conststring has a non-zero addend, which is not supported.
f429\f429.axf: Warning: L6480W: Disabling string merging for lv_roller.o(.conststring). Relocated MOVT referring to string .conststring has a non-zero addend, which is not supported.
f429\f429.axf: Warning: L6480W: Disabling string merging for lv_slider.o(.conststring). Relocated MOVT referring to string .conststring has a non-zero addend, which is not supported.
f429\f429.axf: Warning: L6480W: Disabling string merging for lv_switch.o(.conststring). Relocated MOVT referring to string .conststring has a non-zero addend, which is not supported.
f429\f429.axf: Warning: L6480W: Disabling string merging for lv_table.o(.conststring). Relocated MOVT referring to string .conststring has a non-zero addend, which is not supported.
f429\f429.axf: Warning: L6480W: Disabling string merging for lv_tabview.o(.conststring). Relocated MOVT referring to string .conststring has a non-zero addend, which is not supported.
f429\f429.axf: Warning: L6480W: Disabling string merging for lv_textarea.o(.conststring). Relocated MOVT referring to string .conststring has a non-zero addend, which is not supported.
f429\f429.axf: Warning: L6480W: Disabling string merging for lv_demo_widgets.o(.conststring). Relocated MOVT referring to string .conststring has a non-zero addend, which is not supported.
Program Size: Code=181168 RO-data=18612 RW-data=716 ZI-data=3727124  
Finished: 0 information, 29 warning and 0 error messages.
"f429\f429.axf" - 0 Error(s), 32 Warning(s).

<h2>Software Packages used:</h2>

Package Vendor: ARM
                http://www.keil.com/pack/ARM.CMSIS.5.4.0.pack
                ARM.CMSIS.5.4.0
                CMSIS (Cortex Microcontroller Software Interface Standard)
   * Component: CORE Version: 5.1.2

Package Vendor: Keil
                http://www.keil.com/pack/Keil.STM32F4xx_DFP.2.12.0.pack
                Keil.STM32F4xx_DFP.2.12.0
                STMicroelectronics STM32F4 Series Device Support, Drivers and Examples

<h2>Collection of Component include folders:</h2>
  .\RTE\_f429
  D:\programfile\productive_soft\keil\ARM\PACK\ARM\CMSIS\5.4.0\CMSIS\Core\Include
  D:\programfile\productive_soft\keil\ARM\PACK\Keil\STM32F4xx_DFP\2.12.0\Drivers\CMSIS\Device\ST\STM32F4xx\Include

<h2>Collection of Component Files used:</h2>

   * Component: ARM::CMSIS:CORE:5.1.2
Build Time Elapsed:  00:00:02
</pre>
</body>
</html>
