<html>
<body>
<pre>
<h1>礦ision Build Log</h1>
<h2>Tool Versions:</h2>
IDE-Version: μVision V5.26.2.0
Copyright (C) 2018 ARM Ltd and ARM Germany GmbH. All rights reserved.
License Information: 1 Administrator, 1, LIC=8VRJ7-ETX1F-HLMCL-0Z7DJ-M93MF-3ZGIE
 
Tool Versions:
Toolchain:       MDK-ARM Plus  Version: 5.26.2.0
Toolchain Path:  D:\programfile\productive_soft\keil\ARM\ARMCC\Bin
C Compiler:      Armcc.exe V5.06 update 6 (build 750)
Assembler:       Armasm.exe V5.06 update 6 (build 750)
Linker/Locator:  ArmLink.exe V5.06 update 6 (build 750)
Library Manager: ArmAr.exe V5.06 update 6 (build 750)
Hex Converter:   FromElf.exe V5.06 update 6 (build 750)
CPU DLL:         SARMCM3.DLL V5.26.2.0
Dialog DLL:      DCM.DLL V1.17.2.0
Target DLL:      Segger\JL2CM3.dll V2.99.31.0
Dialog DLL:      TCM.DLL V1.36.1.0
 
<h2>Project:</h2>
G:\stm32_project\stm32\stm32-HAL-learn\stm32_f429_cubemx_touchgfx\MDK-ARM\f429.uvprojx
Project File Date:  12/12/2020

<h2>Output:</h2>
*** Using Compiler 'V5.06 update 6 (build 750)', folder: 'D:\programfile\productive_soft\keil\ARM\ARMCC\Bin'
*** Warning: You are compiling one or more files of source type C++ and have selected 'use MicroLIB'. MicroLIB does not support C++!
  
Build target 'f429'
assembling startup_stm32f429xx.s...
compiling dma2d.c...
compiling stm32f4xx_hal_crc.c...
compiling stm32f4xx_hal_msp.c...
compiling crc.c...
compiling main.c...
compiling siic.c...
..\Core\Src\siic.c(53): warning:  #188-D: enumerated type mixed with another type
      HAL_GPIO_WritePin(SIIC_SDA_PORT,SIIC_SDA_PIN,state);
..\Core\Src\siic.c(87): warning:  #223-D: function "delay_us" declared implicitly
      SIIC_SPEED_START_DELAY();
..\Core\Src\siic.c(98): warning:  #223-D: function "delay_us" declared implicitly
      SIIC_SPEED_START_DELAY();
..\Core\Src\siic.c(113): warning:  #223-D: function "delay_us" declared implicitly
      SIIC_SPEED_DELAY();
..\Core\Src\siic.c(133): warning:  #223-D: function "delay_us" declared implicitly
      SIIC_SPEED_DELAY();
..\Core\Src\siic.c(144): warning:  #223-D: function "delay_us" declared implicitly
      SIIC_SPEED_DELAY();
..\Core\Src\siic.c(163): warning:  #223-D: function "delay_us" declared implicitly
          SIIC_SPEED_DELAY();   //对TEA5767这三个延时都是必须的
..\Core\Src\siic.c(175): warning:  #223-D: function "delay_us" declared implicitly
      SIIC_SPEED_START_DELAY();
..\Core\Src\siic.c: 8 warnings, 0 errors
compiling stm32f4xx_it.c...
compiling usart.c...
compiling fmc.c...
compiling gpio.c...
compiling ft5206.c...
..\Core\Src\ft5206.c(121): warning:  #177-D: variable "i"  was declared but never referenced
  	uint8_t i = 0;
..\Core\Src\ft5206.c(122): warning:  #177-D: variable "touch_state"  was declared but never referenced
  	uint8_t touch_state = 0;
..\Core\Src\ft5206.c: 2 warnings, 0 errors
compiling freertos.c...
compiling touch.c...
compiling ltdc.c...
../Core/Src/ltdc.c(238): warning:  #188-D: enumerated type mixed with another type
      HAL_GPIO_WritePin(LCD_BK_GPIO_Port,LCD_BK_Pin,1);
../Core/Src/ltdc.c(243): warning:  #188-D: enumerated type mixed with another type
      HAL_GPIO_WritePin(LCD_BK_GPIO_Port,LCD_BK_Pin,0);
../Core/Src/ltdc.c: 2 warnings, 0 errors
compiling stm32f4xx_hal_rcc.c...
compiling stm32f4xx_hal_rcc_ex.c...
compiling stm32f4xx_hal_flash.c...
compiling stm32f4xx_hal_flash_ramfunc.c...
compiling stm32f4xx_hal_gpio.c...
compiling stm32f4xx_hal_flash_ex.c...
compiling stm32f4xx_hal_pwr_ex.c...
compiling stm32f4xx_hal_pwr.c...
compiling stm32f4xx_hal_cortex.c...
compiling stm32f4xx_hal.c...
compiling stm32f4xx_hal_exti.c...
compiling stm32f4xx_hal_dma_ex.c...
compiling stm32f4xx_hal_dma.c...
compiling stm32f4xx_hal_ltdc_ex.c...
compiling stm32f4xx_ll_fmc.c...
compiling stm32f4xx_hal_tim.c...
compiling stm32f4xx_hal_dsi.c...
compiling stm32f4xx_hal_sdram.c...
compiling stm32f4xx_hal_dma2d.c...
compiling TouchGFXGPIO.cpp...
compiling stm32f4xx_hal_tim_ex.c...
compiling stm32f4xx_hal_ltdc.c...
compiling OSWrappers.cpp...
compiling system_stm32f4xx.c...
compiling app_touchgfx.c...
compiling croutine.c...
compiling list.c...
compiling stm32f4xx_hal_uart.c...
compiling STM32TouchController.cpp...
compiling TouchGFXHAL.cpp...
compiling event_groups.c...
compiling stream_buffer.c...
compiling timers.c...
compiling heap_4.c...
compiling TouchGFXGeneratedHAL.cpp...
compiling STM32DMA.cpp...
compiling queue.c...
compiling port.c...
compiling TouchGFXConfiguration.cpp...
compiling tasks.c...
compiling cmsis_os2.c...
linking...
Program Size: Code=104446 RO-data=317002 RW-data=568 ZI-data=1261664  
"f429\f429.axf" - 0 Error(s), 12 Warning(s).

<h2>Software Packages used:</h2>

Package Vendor: ARM
                http://www.keil.com/pack/ARM.CMSIS.5.4.0.pack
                ARM.CMSIS.5.4.0
                CMSIS (Cortex Microcontroller Software Interface Standard)
   * Component: CORE Version: 5.1.2

Package Vendor: Keil
                http://www.keil.com/pack/Keil.STM32F4xx_DFP.2.12.0.pack
                Keil.STM32F4xx_DFP.2.12.0
                STMicroelectronics STM32F4 Series Device Support, Drivers and Examples

<h2>Collection of Component include folders:</h2>
  .\RTE\_f429
  D:\programfile\productive_soft\keil\ARM\PACK\ARM\CMSIS\5.4.0\CMSIS\Core\Include
  D:\programfile\productive_soft\keil\ARM\PACK\Keil\STM32F4xx_DFP\2.12.0\Drivers\CMSIS\Device\ST\STM32F4xx\Include

<h2>Collection of Component Files used:</h2>

   * Component: ARM::CMSIS:CORE:5.1.2
Build Time Elapsed:  00:00:02
</pre>
</body>
</html>
