<!doctype html public "-//w3c//dtd html 4.0 transitional//en">
<html><head>
<title>Static Call Graph - [f429\f429.axf]</title></head>
<body><HR>
<H1>Static Call Graph for image f429\f429.axf</H1><HR>
<BR><P>#&#060CALLGRAPH&#062# ARM Linker, 5060750: Last Updated: Fri Dec 11 02:09:24 2020
<BR><P>
<H3>Maximum Stack Usage =          0 bytes + Unknown(Cycles, Untraceable Function Pointers)</H3><H3>
Call chain for Maximum Stack Depth:</H3>

<P>
<H3>
Mutually Recursive functions
</H3> <LI><a href="#[25]">ADC_IRQHandler</a>&nbsp;&nbsp;&nbsp;&rArr;&nbsp;&nbsp;&nbsp;<a href="#[25]">ADC_IRQHandler</a><BR>
 <LI><a href="#[d]">BusFault_Handler</a>&nbsp;&nbsp;&nbsp;&rArr;&nbsp;&nbsp;&nbsp;<a href="#[d]">BusFault_Handler</a><BR>
 <LI><a href="#[b]">HardFault_Handler</a>&nbsp;&nbsp;&nbsp;&rArr;&nbsp;&nbsp;&nbsp;<a href="#[b]">HardFault_Handler</a><BR>
 <LI><a href="#[c]">MemManage_Handler</a>&nbsp;&nbsp;&nbsp;&rArr;&nbsp;&nbsp;&nbsp;<a href="#[c]">MemManage_Handler</a><BR>
 <LI><a href="#[e]">UsageFault_Handler</a>&nbsp;&nbsp;&nbsp;&rArr;&nbsp;&nbsp;&nbsp;<a href="#[e]">UsageFault_Handler</a><BR>
 <LI><a href="#[270]">touchgfx::Screen::JSMOC(const touchgfx::Rect&, touchgfx::Drawable*)</a>&nbsp;&nbsp;&nbsp;&rArr;&nbsp;&nbsp;&nbsp;<a href="#[270]">touchgfx::Screen::JSMOC(const touchgfx::Rect&, touchgfx::Drawable*)</a><BR>
</UL>
<P>
<H3>
Function Pointers
</H3><UL>
 <LI><a href="#[25]">ADC_IRQHandler</a> from startup_stm32f429xx.o(.text) referenced from startup_stm32f429xx.o(RESET)
 <LI><a href="#[d]">BusFault_Handler</a> from stm32f4xx_it.o(i.BusFault_Handler) referenced from startup_stm32f429xx.o(RESET)
 <LI><a href="#[27]">CAN1_RX0_IRQHandler</a> from startup_stm32f429xx.o(.text) referenced from startup_stm32f429xx.o(RESET)
 <LI><a href="#[28]">CAN1_RX1_IRQHandler</a> from startup_stm32f429xx.o(.text) referenced from startup_stm32f429xx.o(RESET)
 <LI><a href="#[29]">CAN1_SCE_IRQHandler</a> from startup_stm32f429xx.o(.text) referenced from startup_stm32f429xx.o(RESET)
 <LI><a href="#[26]">CAN1_TX_IRQHandler</a> from startup_stm32f429xx.o(.text) referenced from startup_stm32f429xx.o(RESET)
 <LI><a href="#[53]">CAN2_RX0_IRQHandler</a> from startup_stm32f429xx.o(.text) referenced from startup_stm32f429xx.o(RESET)
 <LI><a href="#[54]">CAN2_RX1_IRQHandler</a> from startup_stm32f429xx.o(.text) referenced from startup_stm32f429xx.o(RESET)
 <LI><a href="#[55]">CAN2_SCE_IRQHandler</a> from startup_stm32f429xx.o(.text) referenced from startup_stm32f429xx.o(RESET)
 <LI><a href="#[52]">CAN2_TX_IRQHandler</a> from startup_stm32f429xx.o(.text) referenced from startup_stm32f429xx.o(RESET)
 <LI><a href="#[61]">DCMI_IRQHandler</a> from startup_stm32f429xx.o(.text) referenced from startup_stm32f429xx.o(RESET)
 <LI><a href="#[1e]">DMA1_Stream0_IRQHandler</a> from startup_stm32f429xx.o(.text) referenced from startup_stm32f429xx.o(RESET)
 <LI><a href="#[1f]">DMA1_Stream1_IRQHandler</a> from startup_stm32f429xx.o(.text) referenced from startup_stm32f429xx.o(RESET)
 <LI><a href="#[20]">DMA1_Stream2_IRQHandler</a> from startup_stm32f429xx.o(.text) referenced from startup_stm32f429xx.o(RESET)
 <LI><a href="#[21]">DMA1_Stream3_IRQHandler</a> from startup_stm32f429xx.o(.text) referenced from startup_stm32f429xx.o(RESET)
 <LI><a href="#[22]">DMA1_Stream4_IRQHandler</a> from startup_stm32f429xx.o(.text) referenced from startup_stm32f429xx.o(RESET)
 <LI><a href="#[23]">DMA1_Stream5_IRQHandler</a> from startup_stm32f429xx.o(.text) referenced from startup_stm32f429xx.o(RESET)
 <LI><a href="#[24]">DMA1_Stream6_IRQHandler</a> from startup_stm32f429xx.o(.text) referenced from startup_stm32f429xx.o(RESET)
 <LI><a href="#[42]">DMA1_Stream7_IRQHandler</a> from startup_stm32f429xx.o(.text) referenced from startup_stm32f429xx.o(RESET)
 <LI><a href="#[6c]">DMA2D_IRQHandler</a> from stm32f4xx_it.o(i.DMA2D_IRQHandler) referenced from startup_stm32f429xx.o(RESET)
 <LI><a href="#[4b]">DMA2_Stream0_IRQHandler</a> from startup_stm32f429xx.o(.text) referenced from startup_stm32f429xx.o(RESET)
 <LI><a href="#[4c]">DMA2_Stream1_IRQHandler</a> from startup_stm32f429xx.o(.text) referenced from startup_stm32f429xx.o(RESET)
 <LI><a href="#[4d]">DMA2_Stream2_IRQHandler</a> from startup_stm32f429xx.o(.text) referenced from startup_stm32f429xx.o(RESET)
 <LI><a href="#[4e]">DMA2_Stream3_IRQHandler</a> from startup_stm32f429xx.o(.text) referenced from startup_stm32f429xx.o(RESET)
 <LI><a href="#[4f]">DMA2_Stream4_IRQHandler</a> from startup_stm32f429xx.o(.text) referenced from startup_stm32f429xx.o(RESET)
 <LI><a href="#[57]">DMA2_Stream5_IRQHandler</a> from startup_stm32f429xx.o(.text) referenced from startup_stm32f429xx.o(RESET)
 <LI><a href="#[58]">DMA2_Stream6_IRQHandler</a> from startup_stm32f429xx.o(.text) referenced from startup_stm32f429xx.o(RESET)
 <LI><a href="#[59]">DMA2_Stream7_IRQHandler</a> from startup_stm32f429xx.o(.text) referenced from startup_stm32f429xx.o(RESET)
 <LI><a href="#[10]">DebugMon_Handler</a> from stm32f4xx_it.o(i.DebugMon_Handler) referenced from startup_stm32f429xx.o(RESET)
 <LI><a href="#[50]">ETH_IRQHandler</a> from startup_stm32f429xx.o(.text) referenced from startup_stm32f429xx.o(RESET)
 <LI><a href="#[51]">ETH_WKUP_IRQHandler</a> from startup_stm32f429xx.o(.text) referenced from startup_stm32f429xx.o(RESET)
 <LI><a href="#[19]">EXTI0_IRQHandler</a> from startup_stm32f429xx.o(.text) referenced from startup_stm32f429xx.o(RESET)
 <LI><a href="#[3b]">EXTI15_10_IRQHandler</a> from startup_stm32f429xx.o(.text) referenced from startup_stm32f429xx.o(RESET)
 <LI><a href="#[1a]">EXTI1_IRQHandler</a> from startup_stm32f429xx.o(.text) referenced from startup_stm32f429xx.o(RESET)
 <LI><a href="#[1b]">EXTI2_IRQHandler</a> from startup_stm32f429xx.o(.text) referenced from startup_stm32f429xx.o(RESET)
 <LI><a href="#[1c]">EXTI3_IRQHandler</a> from startup_stm32f429xx.o(.text) referenced from startup_stm32f429xx.o(RESET)
 <LI><a href="#[1d]">EXTI4_IRQHandler</a> from startup_stm32f429xx.o(.text) referenced from startup_stm32f429xx.o(RESET)
 <LI><a href="#[2a]">EXTI9_5_IRQHandler</a> from startup_stm32f429xx.o(.text) referenced from startup_stm32f429xx.o(RESET)
 <LI><a href="#[17]">FLASH_IRQHandler</a> from startup_stm32f429xx.o(.text) referenced from startup_stm32f429xx.o(RESET)
 <LI><a href="#[43]">FMC_IRQHandler</a> from startup_stm32f429xx.o(.text) referenced from startup_stm32f429xx.o(RESET)
 <LI><a href="#[63]">FPU_IRQHandler</a> from startup_stm32f429xx.o(.text) referenced from startup_stm32f429xx.o(RESET)
 <LI><a href="#[62]">HASH_RNG_IRQHandler</a> from startup_stm32f429xx.o(.text) referenced from startup_stm32f429xx.o(RESET)
 <LI><a href="#[b]">HardFault_Handler</a> from stm32f4xx_it.o(i.HardFault_Handler) referenced from startup_stm32f429xx.o(RESET)
 <LI><a href="#[33]">I2C1_ER_IRQHandler</a> from startup_stm32f429xx.o(.text) referenced from startup_stm32f429xx.o(RESET)
 <LI><a href="#[32]">I2C1_EV_IRQHandler</a> from startup_stm32f429xx.o(.text) referenced from startup_stm32f429xx.o(RESET)
 <LI><a href="#[35]">I2C2_ER_IRQHandler</a> from startup_stm32f429xx.o(.text) referenced from startup_stm32f429xx.o(RESET)
 <LI><a href="#[34]">I2C2_EV_IRQHandler</a> from startup_stm32f429xx.o(.text) referenced from startup_stm32f429xx.o(RESET)
 <LI><a href="#[5c]">I2C3_ER_IRQHandler</a> from startup_stm32f429xx.o(.text) referenced from startup_stm32f429xx.o(RESET)
 <LI><a href="#[5b]">I2C3_EV_IRQHandler</a> from startup_stm32f429xx.o(.text) referenced from startup_stm32f429xx.o(RESET)
 <LI><a href="#[6b]">LTDC_ER_IRQHandler</a> from startup_stm32f429xx.o(.text) referenced from startup_stm32f429xx.o(RESET)
 <LI><a href="#[6a]">LTDC_IRQHandler</a> from stm32f4xx_it.o(i.LTDC_IRQHandler) referenced from startup_stm32f429xx.o(RESET)
 <LI><a href="#[c]">MemManage_Handler</a> from stm32f4xx_it.o(i.MemManage_Handler) referenced from startup_stm32f429xx.o(RESET)
 <LI><a href="#[a]">NMI_Handler</a> from stm32f4xx_it.o(i.NMI_Handler) referenced from startup_stm32f429xx.o(RESET)
 <LI><a href="#[56]">OTG_FS_IRQHandler</a> from startup_stm32f429xx.o(.text) referenced from startup_stm32f429xx.o(RESET)
 <LI><a href="#[3d]">OTG_FS_WKUP_IRQHandler</a> from startup_stm32f429xx.o(.text) referenced from startup_stm32f429xx.o(RESET)
 <LI><a href="#[5e]">OTG_HS_EP1_IN_IRQHandler</a> from startup_stm32f429xx.o(.text) referenced from startup_stm32f429xx.o(RESET)
 <LI><a href="#[5d]">OTG_HS_EP1_OUT_IRQHandler</a> from startup_stm32f429xx.o(.text) referenced from startup_stm32f429xx.o(RESET)
 <LI><a href="#[60]">OTG_HS_IRQHandler</a> from startup_stm32f429xx.o(.text) referenced from startup_stm32f429xx.o(RESET)
 <LI><a href="#[5f]">OTG_HS_WKUP_IRQHandler</a> from startup_stm32f429xx.o(.text) referenced from startup_stm32f429xx.o(RESET)
 <LI><a href="#[14]">PVD_IRQHandler</a> from startup_stm32f429xx.o(.text) referenced from startup_stm32f429xx.o(RESET)
 <LI><a href="#[11]">PendSV_Handler</a> from port.o(.emb_text) referenced from startup_stm32f429xx.o(RESET)
 <LI><a href="#[18]">RCC_IRQHandler</a> from startup_stm32f429xx.o(.text) referenced from startup_stm32f429xx.o(RESET)
 <LI><a href="#[3c]">RTC_Alarm_IRQHandler</a> from startup_stm32f429xx.o(.text) referenced from startup_stm32f429xx.o(RESET)
 <LI><a href="#[16]">RTC_WKUP_IRQHandler</a> from startup_stm32f429xx.o(.text) referenced from startup_stm32f429xx.o(RESET)
 <LI><a href="#[9]">Reset_Handler</a> from startup_stm32f429xx.o(.text) referenced from startup_stm32f429xx.o(RESET)
 <LI><a href="#[69]">SAI1_IRQHandler</a> from startup_stm32f429xx.o(.text) referenced from startup_stm32f429xx.o(RESET)
 <LI><a href="#[44]">SDIO_IRQHandler</a> from startup_stm32f429xx.o(.text) referenced from startup_stm32f429xx.o(RESET)
 <LI><a href="#[36]">SPI1_IRQHandler</a> from startup_stm32f429xx.o(.text) referenced from startup_stm32f429xx.o(RESET)
 <LI><a href="#[37]">SPI2_IRQHandler</a> from startup_stm32f429xx.o(.text) referenced from startup_stm32f429xx.o(RESET)
 <LI><a href="#[46]">SPI3_IRQHandler</a> from startup_stm32f429xx.o(.text) referenced from startup_stm32f429xx.o(RESET)
 <LI><a href="#[66]">SPI4_IRQHandler</a> from startup_stm32f429xx.o(.text) referenced from startup_stm32f429xx.o(RESET)
 <LI><a href="#[67]">SPI5_IRQHandler</a> from startup_stm32f429xx.o(.text) referenced from startup_stm32f429xx.o(RESET)
 <LI><a href="#[68]">SPI6_IRQHandler</a> from startup_stm32f429xx.o(.text) referenced from startup_stm32f429xx.o(RESET)
 <LI><a href="#[f]">SVC_Handler</a> from port.o(.emb_text) referenced from startup_stm32f429xx.o(RESET)
 <LI><a href="#[70]">StartDefaultTask</a> from freertos.o(i.StartDefaultTask) referenced from freertos.o(i.MX_FREERTOS_Init)
 <LI><a href="#[12]">SysTick_Handler</a> from stm32f4xx_it.o(i.SysTick_Handler) referenced from startup_stm32f429xx.o(RESET)
 <LI><a href="#[6e]">SystemInit</a> from system_stm32f4xx.o(i.SystemInit) referenced from startup_stm32f429xx.o(.text)
 <LI><a href="#[15]">TAMP_STAMP_IRQHandler</a> from startup_stm32f429xx.o(.text) referenced from startup_stm32f429xx.o(RESET)
 <LI><a href="#[2b]">TIM1_BRK_TIM9_IRQHandler</a> from startup_stm32f429xx.o(.text) referenced from startup_stm32f429xx.o(RESET)
 <LI><a href="#[2e]">TIM1_CC_IRQHandler</a> from startup_stm32f429xx.o(.text) referenced from startup_stm32f429xx.o(RESET)
 <LI><a href="#[2d]">TIM1_TRG_COM_TIM11_IRQHandler</a> from startup_stm32f429xx.o(.text) referenced from startup_stm32f429xx.o(RESET)
 <LI><a href="#[2c]">TIM1_UP_TIM10_IRQHandler</a> from startup_stm32f429xx.o(.text) referenced from startup_stm32f429xx.o(RESET)
 <LI><a href="#[2f]">TIM2_IRQHandler</a> from startup_stm32f429xx.o(.text) referenced from startup_stm32f429xx.o(RESET)
 <LI><a href="#[30]">TIM3_IRQHandler</a> from startup_stm32f429xx.o(.text) referenced from startup_stm32f429xx.o(RESET)
 <LI><a href="#[31]">TIM4_IRQHandler</a> from startup_stm32f429xx.o(.text) referenced from startup_stm32f429xx.o(RESET)
 <LI><a href="#[45]">TIM5_IRQHandler</a> from startup_stm32f429xx.o(.text) referenced from startup_stm32f429xx.o(RESET)
 <LI><a href="#[49]">TIM6_DAC_IRQHandler</a> from startup_stm32f429xx.o(.text) referenced from startup_stm32f429xx.o(RESET)
 <LI><a href="#[4a]">TIM7_IRQHandler</a> from startup_stm32f429xx.o(.text) referenced from startup_stm32f429xx.o(RESET)
 <LI><a href="#[3e]">TIM8_BRK_TIM12_IRQHandler</a> from startup_stm32f429xx.o(.text) referenced from startup_stm32f429xx.o(RESET)
 <LI><a href="#[41]">TIM8_CC_IRQHandler</a> from startup_stm32f429xx.o(.text) referenced from startup_stm32f429xx.o(RESET)
 <LI><a href="#[40]">TIM8_TRG_COM_TIM14_IRQHandler</a> from startup_stm32f429xx.o(.text) referenced from startup_stm32f429xx.o(RESET)
 <LI><a href="#[3f]">TIM8_UP_TIM13_IRQHandler</a> from startup_stm32f429xx.o(.text) referenced from startup_stm32f429xx.o(RESET)
 <LI><a href="#[47]">UART4_IRQHandler</a> from startup_stm32f429xx.o(.text) referenced from startup_stm32f429xx.o(RESET)
 <LI><a href="#[48]">UART5_IRQHandler</a> from startup_stm32f429xx.o(.text) referenced from startup_stm32f429xx.o(RESET)
 <LI><a href="#[64]">UART7_IRQHandler</a> from startup_stm32f429xx.o(.text) referenced from startup_stm32f429xx.o(RESET)
 <LI><a href="#[65]">UART8_IRQHandler</a> from startup_stm32f429xx.o(.text) referenced from startup_stm32f429xx.o(RESET)
 <LI><a href="#[38]">USART1_IRQHandler</a> from startup_stm32f429xx.o(.text) referenced from startup_stm32f429xx.o(RESET)
 <LI><a href="#[39]">USART2_IRQHandler</a> from startup_stm32f429xx.o(.text) referenced from startup_stm32f429xx.o(RESET)
 <LI><a href="#[3a]">USART3_IRQHandler</a> from startup_stm32f429xx.o(.text) referenced from startup_stm32f429xx.o(RESET)
 <LI><a href="#[5a]">USART6_IRQHandler</a> from startup_stm32f429xx.o(.text) referenced from startup_stm32f429xx.o(RESET)
 <LI><a href="#[e]">UsageFault_Handler</a> from stm32f4xx_it.o(i.UsageFault_Handler) referenced from startup_stm32f429xx.o(RESET)
 <LI><a href="#[13]">WWDG_IRQHandler</a> from startup_stm32f429xx.o(.text) referenced from startup_stm32f429xx.o(RESET)
 <LI><a href="#[72]">DMA2D_XferCpltCallback(__DMA2D_HandleTypeDef*)</a> from stm32dma.o(i._Z22DMA2D_XferCpltCallbackP21__DMA2D_HandleTypeDef) referenced from stm32dma.o(i._ZN10STM32F4DMA10initializeEv)
 <LI><a href="#[73]">DMA2D_XferErrorCallback(__DMA2D_HandleTypeDef*)</a> from stm32dma.o(i._Z23DMA2D_XferErrorCallbackP21__DMA2D_HandleTypeDef) referenced from stm32dma.o(i._ZN10STM32F4DMA10initializeEv)
 <LI><a href="#[a2]">STM32F4DMA::initialize()</a> from stm32dma.o(i._ZN10STM32F4DMA10initializeEv) referenced from stm32dma.o(.constdata__ZTV10STM32F4DMA)
 <LI><a href="#[9f]">STM32F4DMA::getBlitCaps()</a> from stm32dma.o(i._ZN10STM32F4DMA11getBlitCapsEv) referenced from stm32dma.o(.constdata__ZTV10STM32F4DMA)
 <LI><a href="#[a9]">STM32F4DMA::setupDataCopy(const touchgfx::BlitOp&)</a> from stm32dma.o(i._ZN10STM32F4DMA13setupDataCopyERKN8touchgfx6BlitOpE) referenced from stm32dma.o(.constdata__ZTV10STM32F4DMA)
 <LI><a href="#[aa]">STM32F4DMA::setupDataFill(const touchgfx::BlitOp&)</a> from stm32dma.o(i._ZN10STM32F4DMA13setupDataFillERKN8touchgfx6BlitOpE) referenced from stm32dma.o(.constdata__ZTV10STM32F4DMA)
 <LI><a href="#[a4]">STM32F4DMA::signalDMAInterrupt()</a> from stm32dma.o(i._ZN10STM32F4DMA18signalDMAInterruptEv) referenced from stm32dma.o(.constdata__ZTV10STM32F4DMA)
 <LI><a href="#[96]">STM32F4DMA::~STM32F4DMA()</a> from stm32dma.o(i._ZN10STM32F4DMAD1Ev) referenced from stm32dma.o(.constdata__ZTV10STM32F4DMA)
 <LI><a href="#[96]">STM32F4DMA::~STM32F4DMA()</a> from stm32dma.o(i._ZN10STM32F4DMAD1Ev) referenced from touchgfxconfiguration.o(i.__sti___25_TouchGFXConfiguration_cpp_f5abfd34)
 <LI><a href="#[b0]">screenView::setupScreen()</a> from screenview.o(i._ZN10screenView11setupScreenEv) referenced from screenview.o(.constdata__ZTV10screenView)
 <LI><a href="#[b2]">screenView::tearDownScreen()</a> from screenview.o(i._ZN10screenView14tearDownScreenEv) referenced from screenview.o(.constdata__ZTV10screenView)
 <LI><a href="#[ae]">screenView::~screenView()</a> from screenview.o(i._ZN10screenViewD1Ev) referenced from screenview.o(.constdata__ZTV10screenView)
 <LI><a href="#[ca]">TouchGFXHAL::enableInterrupts()</a> from touchgfxhal.o(i._ZN11TouchGFXHAL16enableInterruptsEv) referenced from touchgfxhal.o(.constdata__ZTV11TouchGFXHAL)
 <LI><a href="#[ba]">TouchGFXHAL::flushFrameBuffer(const touchgfx::Rect&)</a> from touchgfxhal.o(i._ZN11TouchGFXHAL16flushFrameBufferERKN8touchgfx4RectE) referenced from touchgfxhal.o(.constdata__ZTV11TouchGFXHAL)
 <LI><a href="#[cb]">TouchGFXHAL::disableInterrupts()</a> from touchgfxhal.o(i._ZN11TouchGFXHAL17disableInterruptsEv) referenced from touchgfxhal.o(.constdata__ZTV11TouchGFXHAL)
 <LI><a href="#[d5]">TouchGFXHAL::setTFTFrameBuffer(unsigned short*)</a> from touchgfxhal.o(i._ZN11TouchGFXHAL17setTFTFrameBufferEPt) referenced from touchgfxhal.o(.constdata__ZTV11TouchGFXHAL)
 <LI><a href="#[c9]">TouchGFXHAL::configureInterrupts()</a> from touchgfxhal.o(i._ZN11TouchGFXHAL19configureInterruptsEv) referenced from touchgfxhal.o(.constdata__ZTV11TouchGFXHAL)
 <LI><a href="#[cc]">TouchGFXHAL::enableLCDControllerInterrupt()</a> from touchgfxhal.o(i._ZN11TouchGFXHAL28enableLCDControllerInterruptEv) referenced from touchgfxhal.o(.constdata__ZTV11TouchGFXHAL)
 <LI><a href="#[c0]">TouchGFXHAL::blockCopy(void*, const void*, unsigned)</a> from touchgfxhal.o(i._ZN11TouchGFXHAL9blockCopyEPvPKvj) referenced from touchgfxhal.o(.constdata__ZTV11TouchGFXHAL)
 <LI><a href="#[99]">TouchGFXHAL::~TouchGFXHAL()</a> from touchgfxhal.o(i._ZN11TouchGFXHALD1Ev) referenced from touchgfxhal.o(.constdata__ZTV11TouchGFXHAL)
 <LI><a href="#[99]">TouchGFXHAL::~TouchGFXHAL()</a> from touchgfxhal.o(i._ZN11TouchGFXHALD1Ev) referenced from touchgfxconfiguration.o(i.__sti___25_TouchGFXConfiguration_cpp_f5abfd34)
 <LI><a href="#[9b]">FrontendHeap::~FrontendHeap()</a> from touchgfxconfiguration.o(i._ZN12FrontendHeapD1Ev) referenced from touchgfxconfiguration.o(.constdata__ZTV12FrontendHeap)
 <LI><a href="#[9b]">FrontendHeap::~FrontendHeap()</a> from touchgfxconfiguration.o(i._ZN12FrontendHeapD1Ev) referenced from touchgfxconfiguration.o(i.touchgfx_init)
 <LI><a href="#[da]">screenViewBase::setupScreen()</a> from screenviewbase.o(i._ZN14screenViewBase11setupScreenEv) referenced from screenviewbase.o(.constdata__ZTV14screenViewBase)
 <LI><a href="#[d9]">screenViewBase::~screenViewBase()</a> from screenviewbase.o(i._ZN14screenViewBaseD1Ev) referenced from screenviewbase.o(.constdata__ZTV14screenViewBase)
 <LI><a href="#[dd]">screenPresenter::deactivate()</a> from screenpresenter.o(i._ZN15screenPresenter10deactivateEv) referenced from screenpresenter.o(.constdata__ZTV15screenPresenter)
 <LI><a href="#[dc]">screenPresenter::activate()</a> from screenpresenter.o(i._ZN15screenPresenter8activateEv) referenced from screenpresenter.o(.constdata__ZTV15screenPresenter)
 <LI><a href="#[de]">screenPresenter::~screenPresenter()</a> from screenpresenter.o(i._ZN15screenPresenterD1Ev) referenced from screenpresenter.o(.constdata__ZTV15screenPresenter)
 <LI><a href="#[e3]">FrontendApplication::handleTickEvent()</a> from frontendapplication.o(i._ZN19FrontendApplication15handleTickEventEv) referenced from frontendapplication.o(.constdata__ZTV19FrontendApplication)
 <LI><a href="#[e9]">STM32TouchController::sampleTouch(int&, int&)</a> from stm32touchcontroller.o(i._ZN20STM32TouchController11sampleTouchERiS0_) referenced from stm32touchcontroller.o(.constdata__ZTV20STM32TouchController)
 <LI><a href="#[e8]">STM32TouchController::init()</a> from stm32touchcontroller.o(i._ZN20STM32TouchController4initEv) referenced from stm32touchcontroller.o(.constdata__ZTV20STM32TouchController)
 <LI><a href="#[95]">STM32TouchController::~STM32TouchController()</a> from stm32touchcontroller.o(i._ZN20STM32TouchControllerD1Ev) referenced from stm32touchcontroller.o(.constdata__ZTV20STM32TouchController)
 <LI><a href="#[95]">STM32TouchController::~STM32TouchController()</a> from stm32touchcontroller.o(i._ZN20STM32TouchControllerD1Ev) referenced from touchgfxconfiguration.o(i.__sti___25_TouchGFXConfiguration_cpp_f5abfd34)
 <LI><a href="#[d0]">TouchGFXGeneratedHAL::getTFTCurrentLine()</a> from touchgfxgeneratedhal.o(i._ZN20TouchGFXGeneratedHAL17getTFTCurrentLineEv) referenced from touchgfxhal.o(.constdata__ZTV11TouchGFXHAL)
 <LI><a href="#[98]">ApplicationFontProvider::~ApplicationFontProvider()</a> from touchgfxconfiguration.o(i._ZN23ApplicationFontProviderD1Ev) referenced from applicationfontprovider.o(.constdata__ZTV23ApplicationFontProvider)
 <LI><a href="#[98]">ApplicationFontProvider::~ApplicationFontProvider()</a> from touchgfxconfiguration.o(i._ZN23ApplicationFontProviderD1Ev) referenced from touchgfxconfiguration.o(i.__sti___25_TouchGFXConfiguration_cpp_f5abfd34)
 <LI><a href="#[9e]">FrontendApplicationBase::gotoscreenScreenNoTransitionImpl()</a> from frontendapplicationbase.o(i._ZN23FrontendApplicationBase32gotoscreenScreenNoTransitionImplEv) referenced from frontendapplicationbase.o(.constdata)
 <LI><a href="#[eb]">FrontendApplicationBase::~FrontendApplicationBase()</a> from touchgfxconfiguration.o(i._ZN23FrontendApplicationBaseD1Ev) referenced from touchgfxconfiguration.o(.constdata__ZTV23FrontendApplicationBase)
 <LI><a href="#[75]">touchgfx::OSWrappers::taskDelay(unsigned short)</a> from oswrappers.o(i._ZN8touchgfx10OSWrappers9taskDelayEt) referenced from touchgfxgeneratedhal.o(i._ZN20TouchGFXGeneratedHAL10initializeEv)
 <LI><a href="#[111]">touchgfx::Transition::invalidate()</a> from frontendapplicationbase.o(i._ZN8touchgfx10Transition10invalidateEv) referenced from frontendapplicationbase.o(.constdata__ZTVN8touchgfx12NoTransitionE)
 <LI><a href="#[112]">touchgfx::Transition::setScreenContainer(touchgfx::Container&)</a> from frontendapplicationbase.o(i._ZN8touchgfx10Transition18setScreenContainerERNS_9ContainerE) referenced from frontendapplicationbase.o(.constdata__ZTVN8touchgfx12NoTransitionE)
 <LI><a href="#[110]">touchgfx::Transition::init()</a> from frontendapplicationbase.o(i._ZN8touchgfx10Transition4initEv) referenced from frontendapplicationbase.o(.constdata__ZTVN8touchgfx12NoTransitionE)
 <LI><a href="#[10f]">touchgfx::Transition::tearDown()</a> from frontendapplicationbase.o(i._ZN8touchgfx10Transition8tearDownEv) referenced from frontendapplicationbase.o(.constdata__ZTVN8touchgfx12NoTransitionE)
 <LI><a href="#[101]">touchgfx::AnalogClock::updateClock()</a> from analogclock.o(i._ZN8touchgfx11AnalogClock11updateClockEv) referenced from analogclock.o(.constdata__ZTVN8touchgfx11AnalogClockE)
 <LI><a href="#[102]">touchgfx::AnalogClock::setBackground(unsigned short, short, short)</a> from analogclock.o(i._ZN8touchgfx11AnalogClock13setBackgroundEtss) referenced from analogclock.o(.constdata__ZTVN8touchgfx11AnalogClockE)
 <LI><a href="#[103]">touchgfx::AnalogClock::setupHourHand(unsigned short, short, short)</a> from analogclock.o(i._ZN8touchgfx11AnalogClock13setupHourHandEtss) referenced from analogclock.o(.constdata__ZTVN8touchgfx11AnalogClockE)
 <LI><a href="#[104]">touchgfx::AnalogClock::setupMinuteHand(unsigned short, short, short)</a> from analogclock.o(i._ZN8touchgfx11AnalogClock15setupMinuteHandEtss) referenced from analogclock.o(.constdata__ZTVN8touchgfx11AnalogClockE)
 <LI><a href="#[105]">touchgfx::AnalogClock::setupSecondHand(unsigned short, short, short)</a> from analogclock.o(i._ZN8touchgfx11AnalogClock15setupSecondHandEtss) referenced from analogclock.o(.constdata__ZTVN8touchgfx11AnalogClockE)
 <LI><a href="#[108]">touchgfx::AnalogClock::initializeTime24Hour(unsigned char, unsigned char, unsigned char)</a> from analogclock.o(i._ZN8touchgfx11AnalogClock20initializeTime24HourEhhh) referenced from analogclock.o(.constdata__ZTVN8touchgfx11AnalogClockE)
 <LI><a href="#[106]">touchgfx::AnalogClock::setHourHandMinuteCorrection(bool)</a> from analogclock.o(i._ZN8touchgfx11AnalogClock27setHourHandMinuteCorrectionEb) referenced from analogclock.o(.constdata__ZTVN8touchgfx11AnalogClockE)
 <LI><a href="#[107]">touchgfx::AnalogClock::setMinuteHandSecondCorrection(bool)</a> from analogclock.o(i._ZN8touchgfx11AnalogClock29setMinuteHandSecondCorrectionEb) referenced from analogclock.o(.constdata__ZTVN8touchgfx11AnalogClockE)
 <LI><a href="#[109]">touchgfx::AnalogClock::setupHand(touchgfx::TextureMapper&, unsigned short, short, short)</a> from analogclock.o(i._ZN8touchgfx11AnalogClock9setupHandERNS_13TextureMapperEtss) referenced from analogclock.o(.constdata__ZTVN8touchgfx11AnalogClockE)
 <LI><a href="#[e2]">touchgfx::Application::handleKeyEvent(unsigned char)</a> from application.o(i._ZN8touchgfx11Application14handleKeyEventEh) referenced from frontendapplication.o(.constdata__ZTV19FrontendApplication)
 <LI><a href="#[e2]">touchgfx::Application::handleKeyEvent(unsigned char)</a> from application.o(i._ZN8touchgfx11Application14handleKeyEventEh) referenced from touchgfxconfiguration.o(.constdata__ZTV23FrontendApplicationBase)
 <LI><a href="#[e2]">touchgfx::Application::handleKeyEvent(unsigned char)</a> from application.o(i._ZN8touchgfx11Application14handleKeyEventEh) referenced from application.o(.constdata__ZTVN8touchgfx11ApplicationE)
 <LI><a href="#[e2]">touchgfx::Application::handleKeyEvent(unsigned char)</a> from application.o(i._ZN8touchgfx11Application14handleKeyEventEh) referenced from frontendapplicationbase.o(.constdata__ZTVN8touchgfx14MVPApplicationE)
 <LI><a href="#[e0]">touchgfx::Application::handleDragEvent(const touchgfx::DragEvent&)</a> from application.o(i._ZN8touchgfx11Application15handleDragEventERKNS_9DragEventE) referenced from frontendapplication.o(.constdata__ZTV19FrontendApplication)
 <LI><a href="#[e0]">touchgfx::Application::handleDragEvent(const touchgfx::DragEvent&)</a> from application.o(i._ZN8touchgfx11Application15handleDragEventERKNS_9DragEventE) referenced from touchgfxconfiguration.o(.constdata__ZTV23FrontendApplicationBase)
 <LI><a href="#[e0]">touchgfx::Application::handleDragEvent(const touchgfx::DragEvent&)</a> from application.o(i._ZN8touchgfx11Application15handleDragEventERKNS_9DragEventE) referenced from application.o(.constdata__ZTVN8touchgfx11ApplicationE)
 <LI><a href="#[e0]">touchgfx::Application::handleDragEvent(const touchgfx::DragEvent&)</a> from application.o(i._ZN8touchgfx11Application15handleDragEventERKNS_9DragEventE) referenced from frontendapplicationbase.o(.constdata__ZTVN8touchgfx14MVPApplicationE)
 <LI><a href="#[ea]">touchgfx::Application::handleTickEvent()</a> from application.o(i._ZN8touchgfx11Application15handleTickEventEv) referenced from touchgfxconfiguration.o(.constdata__ZTV23FrontendApplicationBase)
 <LI><a href="#[ea]">touchgfx::Application::handleTickEvent()</a> from application.o(i._ZN8touchgfx11Application15handleTickEventEv) referenced from application.o(.constdata__ZTVN8touchgfx11ApplicationE)
 <LI><a href="#[ea]">touchgfx::Application::handleTickEvent()</a> from application.o(i._ZN8touchgfx11Application15handleTickEventEv) referenced from frontendapplicationbase.o(.constdata__ZTVN8touchgfx14MVPApplicationE)
 <LI><a href="#[df]">touchgfx::Application::handleClickEvent(const touchgfx::ClickEvent&)</a> from application.o(i._ZN8touchgfx11Application16handleClickEventERKNS_10ClickEventE) referenced from frontendapplication.o(.constdata__ZTV19FrontendApplication)
 <LI><a href="#[df]">touchgfx::Application::handleClickEvent(const touchgfx::ClickEvent&)</a> from application.o(i._ZN8touchgfx11Application16handleClickEventERKNS_10ClickEventE) referenced from touchgfxconfiguration.o(.constdata__ZTV23FrontendApplicationBase)
 <LI><a href="#[df]">touchgfx::Application::handleClickEvent(const touchgfx::ClickEvent&)</a> from application.o(i._ZN8touchgfx11Application16handleClickEventERKNS_10ClickEventE) referenced from application.o(.constdata__ZTVN8touchgfx11ApplicationE)
 <LI><a href="#[df]">touchgfx::Application::handleClickEvent(const touchgfx::ClickEvent&)</a> from application.o(i._ZN8touchgfx11Application16handleClickEventERKNS_10ClickEventE) referenced from frontendapplicationbase.o(.constdata__ZTVN8touchgfx14MVPApplicationE)
 <LI><a href="#[e1]">touchgfx::Application::handleGestureEvent(const touchgfx::GestureEvent&)</a> from application.o(i._ZN8touchgfx11Application18handleGestureEventERKNS_12GestureEventE) referenced from frontendapplication.o(.constdata__ZTV19FrontendApplication)
 <LI><a href="#[e1]">touchgfx::Application::handleGestureEvent(const touchgfx::GestureEvent&)</a> from application.o(i._ZN8touchgfx11Application18handleGestureEventERKNS_12GestureEventE) referenced from touchgfxconfiguration.o(.constdata__ZTV23FrontendApplicationBase)
 <LI><a href="#[e1]">touchgfx::Application::handleGestureEvent(const touchgfx::GestureEvent&)</a> from application.o(i._ZN8touchgfx11Application18handleGestureEventERKNS_12GestureEventE) referenced from application.o(.constdata__ZTVN8touchgfx11ApplicationE)
 <LI><a href="#[e1]">touchgfx::Application::handleGestureEvent(const touchgfx::GestureEvent&)</a> from application.o(i._ZN8touchgfx11Application18handleGestureEventERKNS_12GestureEventE) referenced from frontendapplicationbase.o(.constdata__ZTVN8touchgfx14MVPApplicationE)
 <LI><a href="#[e7]">touchgfx::Application::cacheDrawOperations(bool)</a> from application.o(i._ZN8touchgfx11Application19cacheDrawOperationsEb) referenced from frontendapplication.o(.constdata__ZTV19FrontendApplication)
 <LI><a href="#[e7]">touchgfx::Application::cacheDrawOperations(bool)</a> from application.o(i._ZN8touchgfx11Application19cacheDrawOperationsEb) referenced from touchgfxconfiguration.o(.constdata__ZTV23FrontendApplicationBase)
 <LI><a href="#[e7]">touchgfx::Application::cacheDrawOperations(bool)</a> from application.o(i._ZN8touchgfx11Application19cacheDrawOperationsEb) referenced from application.o(.constdata__ZTVN8touchgfx11ApplicationE)
 <LI><a href="#[e7]">touchgfx::Application::cacheDrawOperations(bool)</a> from application.o(i._ZN8touchgfx11Application19cacheDrawOperationsEb) referenced from frontendapplicationbase.o(.constdata__ZTVN8touchgfx14MVPApplicationE)
 <LI><a href="#[10c]">touchgfx::Application::handlePendingScreenTransition()</a> from application.o(i._ZN8touchgfx11Application29handlePendingScreenTransitionEv) referenced from application.o(.constdata__ZTVN8touchgfx11ApplicationE)
 <LI><a href="#[e6]">touchgfx::Application::draw(touchgfx::Rect&)</a> from application.o(i._ZN8touchgfx11Application4drawERNS_4RectE) referenced from frontendapplication.o(.constdata__ZTV19FrontendApplication)
 <LI><a href="#[e6]">touchgfx::Application::draw(touchgfx::Rect&)</a> from application.o(i._ZN8touchgfx11Application4drawERNS_4RectE) referenced from touchgfxconfiguration.o(.constdata__ZTV23FrontendApplicationBase)
 <LI><a href="#[e6]">touchgfx::Application::draw(touchgfx::Rect&)</a> from application.o(i._ZN8touchgfx11Application4drawERNS_4RectE) referenced from application.o(.constdata__ZTVN8touchgfx11ApplicationE)
 <LI><a href="#[e6]">touchgfx::Application::draw(touchgfx::Rect&)</a> from application.o(i._ZN8touchgfx11Application4drawERNS_4RectE) referenced from frontendapplicationbase.o(.constdata__ZTVN8touchgfx14MVPApplicationE)
 <LI><a href="#[e5]">touchgfx::Application::draw()</a> from application.o(i._ZN8touchgfx11Application4drawEv) referenced from frontendapplication.o(.constdata__ZTV19FrontendApplication)
 <LI><a href="#[e5]">touchgfx::Application::draw()</a> from application.o(i._ZN8touchgfx11Application4drawEv) referenced from touchgfxconfiguration.o(.constdata__ZTV23FrontendApplicationBase)
 <LI><a href="#[e5]">touchgfx::Application::draw()</a> from application.o(i._ZN8touchgfx11Application4drawEv) referenced from application.o(.constdata__ZTVN8touchgfx11ApplicationE)
 <LI><a href="#[e5]">touchgfx::Application::draw()</a> from application.o(i._ZN8touchgfx11Application4drawEv) referenced from frontendapplicationbase.o(.constdata__ZTVN8touchgfx14MVPApplicationE)
 <LI><a href="#[10e]">touchgfx::NoTransition::handleTickEvent()</a> from frontendapplicationbase.o(i._ZN8touchgfx12NoTransition15handleTickEventEv) referenced from frontendapplicationbase.o(.constdata__ZTVN8touchgfx12NoTransitionE)
 <LI><a href="#[10d]">touchgfx::NoTransition::~NoTransition()</a> from frontendapplicationbase.o(i._ZN8touchgfx12NoTransitionD1Ev) referenced from frontendapplicationbase.o(.constdata__ZTVN8touchgfx12NoTransitionE)
 <LI><a href="#[116]">touchgfx::ToggleButton::handleClickEvent(const touchgfx::ClickEvent&)</a> from togglebutton.o(i._ZN8touchgfx12ToggleButton16handleClickEventERKNS_10ClickEventE) referenced from togglebutton.o(.constdata__ZTVN8touchgfx12ToggleButtonE)
 <LI><a href="#[100]">touchgfx::AbstractClock::setTime24Hour(unsigned char, unsigned char, unsigned char)</a> from abstractclock.o(i._ZN8touchgfx13AbstractClock13setTime24HourEhhh) referenced from analogclock.o(.constdata__ZTVN8touchgfx11AnalogClockE)
 <LI><a href="#[100]">touchgfx::AbstractClock::setTime24Hour(unsigned char, unsigned char, unsigned char)</a> from abstractclock.o(i._ZN8touchgfx13AbstractClock13setTime24HourEhhh) referenced from abstractclock.o(.constdata__ZTVN8touchgfx13AbstractClockE)
 <LI><a href="#[a0]">touchgfx::DMA_Interface::addToQueue(const touchgfx::BlitOp&)</a> from dma.o(i._ZN8touchgfx13DMA_Interface10addToQueueERKNS_6BlitOpE) referenced from stm32dma.o(.constdata__ZTV10STM32F4DMA)
 <LI><a href="#[a5]">touchgfx::DMA_Interface::getDMAType()</a> from dma.o(i._ZN8touchgfx13DMA_Interface10getDMATypeEv) referenced from stm32dma.o(.constdata__ZTV10STM32F4DMA)
 <LI><a href="#[ab]">touchgfx::DMA_Interface::enableAlpha(unsigned char)</a> from dma.o(i._ZN8touchgfx13DMA_Interface11enableAlphaEh) referenced from stm32dma.o(.constdata__ZTV10STM32F4DMA)
 <LI><a href="#[ac]">touchgfx::DMA_Interface::disableAlpha()</a> from dma.o(i._ZN8touchgfx13DMA_Interface12disableAlphaEv) referenced from stm32dma.o(.constdata__ZTV10STM32F4DMA)
 <LI><a href="#[a8]">touchgfx::DMA_Interface::seedExecution()</a> from dma.o(i._ZN8touchgfx13DMA_Interface13seedExecutionEv) referenced from stm32dma.o(.constdata__ZTV10STM32F4DMA)
 <LI><a href="#[a7]">touchgfx::DMA_Interface::executeCompleted()</a> from dma.o(i._ZN8touchgfx13DMA_Interface16executeCompletedEv) referenced from stm32dma.o(.constdata__ZTV10STM32F4DMA)
 <LI><a href="#[ad]">touchgfx::DMA_Interface::waitForFrameBufferSemaphore()</a> from dma.o(i._ZN8touchgfx13DMA_Interface27waitForFrameBufferSemaphoreEv) referenced from stm32dma.o(.constdata__ZTV10STM32F4DMA)
 <LI><a href="#[a1]">touchgfx::DMA_Interface::flush()</a> from dma.o(i._ZN8touchgfx13DMA_Interface5flushEv) referenced from stm32dma.o(.constdata__ZTV10STM32F4DMA)
 <LI><a href="#[a3]">touchgfx::DMA_Interface::start()</a> from dma.o(i._ZN8touchgfx13DMA_Interface5startEv) referenced from stm32dma.o(.constdata__ZTV10STM32F4DMA)
 <LI><a href="#[a6]">touchgfx::DMA_Interface::execute()</a> from dma.o(i._ZN8touchgfx13DMA_Interface7executeEv) referenced from stm32dma.o(.constdata__ZTV10STM32F4DMA)
 <LI><a href="#[71]">touchgfx::GeneratedFont::~GeneratedFont()</a> from generatedfont.o(i._ZN8touchgfx13GeneratedFontD1Ev) referenced from generatedfont.o(.constdata__ZTVN8touchgfx13GeneratedFontE)
 <LI><a href="#[71]">touchgfx::GeneratedFont::~GeneratedFont()</a> from generatedfont.o(i._ZN8touchgfx13GeneratedFontD1Ev) referenced from table_verdana_10_4bpp.o(i._Z23getFont_verdana_10_4bppv)
 <LI><a href="#[71]">touchgfx::GeneratedFont::~GeneratedFont()</a> from generatedfont.o(i._ZN8touchgfx13GeneratedFontD1Ev) referenced from table_verdana_20_4bpp.o(i._Z23getFont_verdana_20_4bppv)
 <LI><a href="#[71]">touchgfx::GeneratedFont::~GeneratedFont()</a> from generatedfont.o(i._ZN8touchgfx13GeneratedFontD1Ev) referenced from table_verdana_40_4bpp.o(i._Z23getFont_verdana_40_4bppv)
 <LI><a href="#[129]">touchgfx::TextureMapper::updateAngles(float, float, float)</a> from texturemapper.o(i._ZN8touchgfx13TextureMapper12updateAnglesEfff) referenced from texturemapper.o(.constdata__ZTVN8touchgfx13TextureMapperE)
 <LI><a href="#[129]">touchgfx::TextureMapper::updateAngles(float, float, float)</a> from texturemapper.o(i._ZN8touchgfx13TextureMapper12updateAnglesEfff) referenced from animationtexturemapper.o(.constdata__ZTVN8touchgfx22AnimationTextureMapperE)
 <LI><a href="#[131]">touchgfx::TextureMapper::setBitmapPosition(float, float)</a> from animationtexturemapper.o(i._ZN8touchgfx13TextureMapper17setBitmapPositionEff) referenced from texturemapper.o(.constdata__ZTVN8touchgfx13TextureMapperE)
 <LI><a href="#[131]">touchgfx::TextureMapper::setBitmapPosition(float, float)</a> from animationtexturemapper.o(i._ZN8touchgfx13TextureMapper17setBitmapPositionEff) referenced from animationtexturemapper.o(.constdata__ZTVN8touchgfx22AnimationTextureMapperE)
 <LI><a href="#[132]">touchgfx::TextureMapper::setBitmapPosition(int, int)</a> from animationtexturemapper.o(i._ZN8touchgfx13TextureMapper17setBitmapPositionEii) referenced from texturemapper.o(.constdata__ZTVN8touchgfx13TextureMapperE)
 <LI><a href="#[132]">touchgfx::TextureMapper::setBitmapPosition(int, int)</a> from animationtexturemapper.o(i._ZN8touchgfx13TextureMapper17setBitmapPositionEii) referenced from animationtexturemapper.o(.constdata__ZTVN8touchgfx22AnimationTextureMapperE)
 <LI><a href="#[12f]">touchgfx::TextureMapper::setCameraDistance(float)</a> from animationtexturemapper.o(i._ZN8touchgfx13TextureMapper17setCameraDistanceEf) referenced from texturemapper.o(.constdata__ZTVN8touchgfx13TextureMapperE)
 <LI><a href="#[12f]">touchgfx::TextureMapper::setCameraDistance(float)</a> from animationtexturemapper.o(i._ZN8touchgfx13TextureMapper17setCameraDistanceEf) referenced from animationtexturemapper.o(.constdata__ZTVN8touchgfx22AnimationTextureMapperE)
 <LI><a href="#[128]">touchgfx::TextureMapper::setRenderingAlgorithm(touchgfx::TextureMapper::RenderingAlgorithm)</a> from animationtexturemapper.o(i._ZN8touchgfx13TextureMapper21setRenderingAlgorithmENS0_18RenderingAlgorithmE) referenced from texturemapper.o(.constdata__ZTVN8touchgfx13TextureMapperE)
 <LI><a href="#[128]">touchgfx::TextureMapper::setRenderingAlgorithm(touchgfx::TextureMapper::RenderingAlgorithm)</a> from animationtexturemapper.o(i._ZN8touchgfx13TextureMapper21setRenderingAlgorithmENS0_18RenderingAlgorithmE) referenced from animationtexturemapper.o(.constdata__ZTVN8touchgfx22AnimationTextureMapperE)
 <LI><a href="#[12b]">touchgfx::TextureMapper::setOrigo(float, float, float)</a> from animationtexturemapper.o(i._ZN8touchgfx13TextureMapper8setOrigoEfff) referenced from texturemapper.o(.constdata__ZTVN8touchgfx13TextureMapperE)
 <LI><a href="#[12b]">touchgfx::TextureMapper::setOrigo(float, float, float)</a> from animationtexturemapper.o(i._ZN8touchgfx13TextureMapper8setOrigoEfff) referenced from animationtexturemapper.o(.constdata__ZTVN8touchgfx22AnimationTextureMapperE)
 <LI><a href="#[12a]">touchgfx::TextureMapper::setScale(float)</a> from texturemapper.o(i._ZN8touchgfx13TextureMapper8setScaleEf) referenced from texturemapper.o(.constdata__ZTVN8touchgfx13TextureMapperE)
 <LI><a href="#[12a]">touchgfx::TextureMapper::setScale(float)</a> from texturemapper.o(i._ZN8touchgfx13TextureMapper8setScaleEf) referenced from animationtexturemapper.o(.constdata__ZTVN8touchgfx22AnimationTextureMapperE)
 <LI><a href="#[127]">touchgfx::TextureMapper::setBitmap(const touchgfx::Bitmap&)</a> from texturemapper.o(i._ZN8touchgfx13TextureMapper9setBitmapERKNS_6BitmapE) referenced from texturemapper.o(.constdata__ZTVN8touchgfx13TextureMapperE)
 <LI><a href="#[127]">touchgfx::TextureMapper::setBitmap(const touchgfx::Bitmap&)</a> from texturemapper.o(i._ZN8touchgfx13TextureMapper9setBitmapERKNS_6BitmapE) referenced from animationtexturemapper.o(.constdata__ZTVN8touchgfx22AnimationTextureMapperE)
 <LI><a href="#[12e]">touchgfx::TextureMapper::setCamera(float, float)</a> from animationtexturemapper.o(i._ZN8touchgfx13TextureMapper9setCameraEff) referenced from texturemapper.o(.constdata__ZTVN8touchgfx13TextureMapperE)
 <LI><a href="#[12e]">touchgfx::TextureMapper::setCamera(float, float)</a> from animationtexturemapper.o(i._ZN8touchgfx13TextureMapper9setCameraEff) referenced from animationtexturemapper.o(.constdata__ZTVN8touchgfx22AnimationTextureMapperE)
 <LI><a href="#[148]">touchgfx::AbstractButton::handleClickEvent(const touchgfx::ClickEvent&)</a> from abstractbutton.o(i._ZN8touchgfx14AbstractButton16handleClickEventERKNS_10ClickEventE) referenced from button.o(.constdata__ZTVN8touchgfx6ButtonE)
 <LI><a href="#[e4]">touchgfx::MVPApplication::handlePendingScreenTransition()</a> from touchgfxconfiguration.o(i._ZN8touchgfx14MVPApplication29handlePendingScreenTransitionEv) referenced from frontendapplication.o(.constdata__ZTV19FrontendApplication)
 <LI><a href="#[e4]">touchgfx::MVPApplication::handlePendingScreenTransition()</a> from touchgfxconfiguration.o(i._ZN8touchgfx14MVPApplication29handlePendingScreenTransitionEv) referenced from touchgfxconfiguration.o(.constdata__ZTV23FrontendApplicationBase)
 <LI><a href="#[e4]">touchgfx::MVPApplication::handlePendingScreenTransition()</a> from touchgfxconfiguration.o(i._ZN8touchgfx14MVPApplication29handlePendingScreenTransitionEv) referenced from frontendapplicationbase.o(.constdata__ZTVN8touchgfx14MVPApplicationE)
 <LI><a href="#[76]">touchgfx::EasingEquations::linearEaseNone(unsigned short, short, short, unsigned short)</a> from easingequations.o(i._ZN8touchgfx15EasingEquations14linearEaseNoneEtsst) referenced from analogclock.o(i._ZN8touchgfx11AnalogClockC1Ev)
 <LI><a href="#[133]">touchgfx::AbstractPartition::~AbstractPartition__sub_object()</a> from abstractpartition.o(i._ZN8touchgfx17AbstractPartitionD2Ev) referenced from abstractpartition.o(.constdata__ZTVN8touchgfx17AbstractPartitionE)
 <LI><a href="#[136]">touchgfx::LockFreeDMA_Queue::pushCopyOf(const touchgfx::BlitOp&)</a> from dma.o(i._ZN8touchgfx17LockFreeDMA_Queue10pushCopyOfERKNS_6BlitOpE) referenced from dma.o(.constdata__ZTVN8touchgfx17LockFreeDMA_QueueE)
 <LI><a href="#[137]">touchgfx::LockFreeDMA_Queue::pop()</a> from dma.o(i._ZN8touchgfx17LockFreeDMA_Queue3popEv) referenced from dma.o(.constdata__ZTVN8touchgfx17LockFreeDMA_QueueE)
 <LI><a href="#[138]">touchgfx::LockFreeDMA_Queue::first()</a> from dma.o(i._ZN8touchgfx17LockFreeDMA_Queue5firstEv) referenced from dma.o(.constdata__ZTVN8touchgfx17LockFreeDMA_QueueE)
 <LI><a href="#[135]">touchgfx::LockFreeDMA_Queue::isFull()</a> from dma.o(i._ZN8touchgfx17LockFreeDMA_Queue6isFullEv) referenced from dma.o(.constdata__ZTVN8touchgfx17LockFreeDMA_QueueE)
 <LI><a href="#[134]">touchgfx::LockFreeDMA_Queue::isEmpty()</a> from dma.o(i._ZN8touchgfx17LockFreeDMA_Queue7isEmptyEv) referenced from dma.o(.constdata__ZTVN8touchgfx17LockFreeDMA_QueueE)
 <LI><a href="#[13b]">touchgfx::AnimationTextureMapper::setupAnimation(touchgfx::AnimationTextureMapper::AnimationParameter, float, unsigned short, unsigned short, short(*)(unsigned short, short, short, unsigned short))</a> from animationtexturemapper.o(i._ZN8touchgfx22AnimationTextureMapper14setupAnimationENS0_18AnimationParameterEfttPFstsstE) referenced from animationtexturemapper.o(.constdata__ZTVN8touchgfx22AnimationTextureMapperE)
 <LI><a href="#[13c]">touchgfx::AnimationTextureMapper::startAnimation()</a> from animationtexturemapper.o(i._ZN8touchgfx22AnimationTextureMapper14startAnimationEv) referenced from animationtexturemapper.o(.constdata__ZTVN8touchgfx22AnimationTextureMapperE)
 <LI><a href="#[139]">touchgfx::AnimationTextureMapper::handleTickEvent()</a> from animationtexturemapper.o(i._ZN8touchgfx22AnimationTextureMapper15handleTickEventEv) referenced from animationtexturemapper.o(.constdata__ZTVN8touchgfx22AnimationTextureMapperE)
 <LI><a href="#[13d]">touchgfx::AnimationTextureMapper::cancelAnimationTextureMapperAnimation()</a> from animationtexturemapper.o(i._ZN8touchgfx22AnimationTextureMapper37cancelAnimationTextureMapperAnimationEv) referenced from animationtexturemapper.o(.constdata__ZTVN8touchgfx22AnimationTextureMapperE)
 <LI><a href="#[d3]">touchgfx::HAL::beginFrame()</a> from hal.o(i._ZN8touchgfx3HAL10beginFrameEv) referenced from touchgfxhal.o(.constdata__ZTV11TouchGFXHAL)
 <LI><a href="#[d3]">touchgfx::HAL::beginFrame()</a> from hal.o(i._ZN8touchgfx3HAL10beginFrameEv) referenced from hal.o(.constdata__ZTVN8touchgfx3HALE)
 <LI><a href="#[d1]">touchgfx::HAL::getDMAType()</a> from hal.o(i._ZN8touchgfx3HAL10getDMATypeEv) referenced from touchgfxhal.o(.constdata__ZTV11TouchGFXHAL)
 <LI><a href="#[d1]">touchgfx::HAL::getDMAType()</a> from hal.o(i._ZN8touchgfx3HAL10getDMATypeEv) referenced from hal.o(.constdata__ZTVN8touchgfx3HALE)
 <LI><a href="#[c1]">touchgfx::HAL::getBlitCaps()</a> from hal.o(i._ZN8touchgfx3HAL11getBlitCapsEv) referenced from touchgfxhal.o(.constdata__ZTV11TouchGFXHAL)
 <LI><a href="#[c1]">touchgfx::HAL::getBlitCaps()</a> from hal.o(i._ZN8touchgfx3HAL11getBlitCapsEv) referenced from hal.o(.constdata__ZTVN8touchgfx3HALE)
 <LI><a href="#[c4]">touchgfx::HAL::blitCopyGlyph(const unsigned char*, unsigned short, unsigned short, unsigned short, unsigned short, unsigned short, touchgfx::colortype, unsigned char, touchgfx::BlitOperations)</a> from hal.o(i._ZN8touchgfx3HAL13blitCopyGlyphEPKhtttttNS_9colortypeEhNS_14BlitOperationsE) referenced from touchgfxhal.o(.constdata__ZTV11TouchGFXHAL)
 <LI><a href="#[c4]">touchgfx::HAL::blitCopyGlyph(const unsigned char*, unsigned short, unsigned short, unsigned short, unsigned short, unsigned short, touchgfx::colortype, unsigned char, touchgfx::BlitOperations)</a> from hal.o(i._ZN8touchgfx3HAL13blitCopyGlyphEPKhtttttNS_9colortypeEhNS_14BlitOperationsE) referenced from hal.o(.constdata__ZTVN8touchgfx3HALE)
 <LI><a href="#[c8]">touchgfx::HAL::backPorchExited()</a> from hal.o(i._ZN8touchgfx3HAL15backPorchExitedEv) referenced from touchgfxhal.o(.constdata__ZTV11TouchGFXHAL)
 <LI><a href="#[c8]">touchgfx::HAL::backPorchExited()</a> from hal.o(i._ZN8touchgfx3HAL15backPorchExitedEv) referenced from hal.o(.constdata__ZTVN8touchgfx3HALE)
 <LI><a href="#[bd]">touchgfx::HAL::lockFrameBuffer()</a> from hal.o(i._ZN8touchgfx3HAL15lockFrameBufferEv) referenced from touchgfxhal.o(.constdata__ZTV11TouchGFXHAL)
 <LI><a href="#[bd]">touchgfx::HAL::lockFrameBuffer()</a> from hal.o(i._ZN8touchgfx3HAL15lockFrameBufferEv) referenced from hal.o(.constdata__ZTVN8touchgfx3HALE)
 <LI><a href="#[c3]">touchgfx::HAL::blitCopyARGB8888(const unsigned short*, unsigned short, unsigned short, unsigned short, unsigned short, unsigned short, unsigned char)</a> from hal.o(i._ZN8touchgfx3HAL16blitCopyARGB8888EPKtttttth) referenced from touchgfxhal.o(.constdata__ZTV11TouchGFXHAL)
 <LI><a href="#[c3]">touchgfx::HAL::blitCopyARGB8888(const unsigned short*, unsigned short, unsigned short, unsigned short, unsigned short, unsigned short, unsigned char)</a> from hal.o(i._ZN8touchgfx3HAL16blitCopyARGB8888EPKtttttth) referenced from hal.o(.constdata__ZTVN8touchgfx3HALE)
 <LI><a href="#[140]">touchgfx::HAL::flushFrameBuffer(const touchgfx::Rect&)</a> from hal.o(i._ZN8touchgfx3HAL16flushFrameBufferERKNS_4RectE) referenced from hal.o(.constdata__ZTVN8touchgfx3HALE)
 <LI><a href="#[bb]">touchgfx::HAL::allowDMATransfers()</a> from hal.o(i._ZN8touchgfx3HAL17allowDMATransfersEv) referenced from touchgfxhal.o(.constdata__ZTV11TouchGFXHAL)
 <LI><a href="#[bb]">touchgfx::HAL::allowDMATransfers()</a> from hal.o(i._ZN8touchgfx3HAL17allowDMATransfersEv) referenced from hal.o(.constdata__ZTVN8touchgfx3HALE)
 <LI><a href="#[142]">touchgfx::HAL::getTFTCurrentLine()</a> from hal.o(i._ZN8touchgfx3HAL17getTFTCurrentLineEv) referenced from hal.o(.constdata__ZTVN8touchgfx3HALE)
 <LI><a href="#[be]">touchgfx::HAL::unlockFrameBuffer()</a> from hal.o(i._ZN8touchgfx3HAL17unlockFrameBufferEv) referenced from touchgfxhal.o(.constdata__ZTV11TouchGFXHAL)
 <LI><a href="#[be]">touchgfx::HAL::unlockFrameBuffer()</a> from hal.o(i._ZN8touchgfx3HAL17unlockFrameBufferEv) referenced from hal.o(.constdata__ZTVN8touchgfx3HALE)
 <LI><a href="#[c7]">touchgfx::HAL::registerEventListener(touchgfx::UIEventListener&)</a> from hal.o(i._ZN8touchgfx3HAL21registerEventListenerERNS_15UIEventListenerE) referenced from touchgfxhal.o(.constdata__ZTV11TouchGFXHAL)
 <LI><a href="#[c7]">touchgfx::HAL::registerEventListener(touchgfx::UIEventListener&)</a> from hal.o(i._ZN8touchgfx3HAL21registerEventListenerERNS_15UIEventListenerE) referenced from hal.o(.constdata__ZTVN8touchgfx3HALE)
 <LI><a href="#[b8]">touchgfx::HAL::setDisplayOrientation(touchgfx::DisplayOrientation)</a> from hal.o(i._ZN8touchgfx3HAL21setDisplayOrientationENS_18DisplayOrientationE) referenced from touchgfxhal.o(.constdata__ZTV11TouchGFXHAL)
 <LI><a href="#[b8]">touchgfx::HAL::setDisplayOrientation(touchgfx::DisplayOrientation)</a> from hal.o(i._ZN8touchgfx3HAL21setDisplayOrientationENS_18DisplayOrientationE) referenced from hal.o(.constdata__ZTVN8touchgfx3HALE)
 <LI><a href="#[ce]">touchgfx::HAL::configurePartialFrameBuffer(unsigned short, unsigned short, unsigned short, unsigned short)</a> from hal.o(i._ZN8touchgfx3HAL27configurePartialFrameBufferEtttt) referenced from touchgfxhal.o(.constdata__ZTV11TouchGFXHAL)
 <LI><a href="#[ce]">touchgfx::HAL::configurePartialFrameBuffer(unsigned short, unsigned short, unsigned short, unsigned short)</a> from hal.o(i._ZN8touchgfx3HAL27configurePartialFrameBufferEtttt) referenced from hal.o(.constdata__ZTVN8touchgfx3HALE)
 <LI><a href="#[cd]">touchgfx::HAL::setFrameBufferStartAddresses(void*, void*, void*)</a> from hal.o(i._ZN8touchgfx3HAL28setFrameBufferStartAddressesEPvS1_S1_) referenced from touchgfxhal.o(.constdata__ZTV11TouchGFXHAL)
 <LI><a href="#[cd]">touchgfx::HAL::setFrameBufferStartAddresses(void*, void*, void*)</a> from hal.o(i._ZN8touchgfx3HAL28setFrameBufferStartAddressesEPvS1_S1_) referenced from hal.o(.constdata__ZTVN8touchgfx3HALE)
 <LI><a href="#[d8]">touchgfx::HAL::performDisplayOrientationChange()</a> from hal.o(i._ZN8touchgfx3HAL31performDisplayOrientationChangeEv) referenced from touchgfxhal.o(.constdata__ZTV11TouchGFXHAL)
 <LI><a href="#[d8]">touchgfx::HAL::performDisplayOrientationChange()</a> from hal.o(i._ZN8touchgfx3HAL31performDisplayOrientationChangeEv) referenced from hal.o(.constdata__ZTVN8touchgfx3HALE)
 <LI><a href="#[d2]">touchgfx::HAL::tick()</a> from hal.o(i._ZN8touchgfx3HAL4tickEv) referenced from touchgfxhal.o(.constdata__ZTV11TouchGFXHAL)
 <LI><a href="#[d2]">touchgfx::HAL::tick()</a> from hal.o(i._ZN8touchgfx3HAL4tickEv) referenced from hal.o(.constdata__ZTVN8touchgfx3HALE)
 <LI><a href="#[d6]">touchgfx::HAL::touch(int, int)</a> from hal.o(i._ZN8touchgfx3HAL5touchEii) referenced from touchgfxhal.o(.constdata__ZTV11TouchGFXHAL)
 <LI><a href="#[d6]">touchgfx::HAL::touch(int, int)</a> from hal.o(i._ZN8touchgfx3HAL5touchEii) referenced from hal.o(.constdata__ZTVN8touchgfx3HALE)
 <LI><a href="#[d7]">touchgfx::HAL::noTouch()</a> from hal.o(i._ZN8touchgfx3HAL7noTouchEv) referenced from touchgfxhal.o(.constdata__ZTV11TouchGFXHAL)
 <LI><a href="#[d7]">touchgfx::HAL::noTouch()</a> from hal.o(i._ZN8touchgfx3HAL7noTouchEv) referenced from hal.o(.constdata__ZTVN8touchgfx3HALE)
 <LI><a href="#[c2]">touchgfx::HAL::blitCopy(const unsigned short*, unsigned short, unsigned short, unsigned short, unsigned short, unsigned short, unsigned char, bool)</a> from hal.o(i._ZN8touchgfx3HAL8blitCopyEPKtttttthb) referenced from touchgfxhal.o(.constdata__ZTV11TouchGFXHAL)
 <LI><a href="#[c2]">touchgfx::HAL::blitCopy(const unsigned short*, unsigned short, unsigned short, unsigned short, unsigned short, unsigned short, unsigned char, bool)</a> from hal.o(i._ZN8touchgfx3HAL8blitCopyEPKtttttthb) referenced from hal.o(.constdata__ZTVN8touchgfx3HALE)
 <LI><a href="#[c6]">touchgfx::HAL::blitFill(touchgfx::colortype, unsigned short, unsigned short, unsigned short, unsigned short, unsigned char)</a> from hal.o(i._ZN8touchgfx3HAL8blitFillENS_9colortypeEtttth) referenced from touchgfxhal.o(.constdata__ZTV11TouchGFXHAL)
 <LI><a href="#[c6]">touchgfx::HAL::blitFill(touchgfx::colortype, unsigned short, unsigned short, unsigned short, unsigned short, unsigned char)</a> from hal.o(i._ZN8touchgfx3HAL8blitFillENS_9colortypeEtttth) referenced from hal.o(.constdata__ZTVN8touchgfx3HALE)
 <LI><a href="#[c5]">touchgfx::HAL::blitFill(touchgfx::colortype, unsigned short, unsigned short, unsigned short, unsigned short, unsigned char, unsigned short, touchgfx::Bitmap::BitmapFormat)</a> from hal.o(i._ZN8touchgfx3HAL8blitFillENS_9colortypeEtttthtNS_6Bitmap12BitmapFormatE) referenced from touchgfxhal.o(.constdata__ZTV11TouchGFXHAL)
 <LI><a href="#[c5]">touchgfx::HAL::blitFill(touchgfx::colortype, unsigned short, unsigned short, unsigned short, unsigned short, unsigned char, unsigned short, touchgfx::Bitmap::BitmapFormat)</a> from hal.o(i._ZN8touchgfx3HAL8blitFillENS_9colortypeEtttthtNS_6Bitmap12BitmapFormatE) referenced from hal.o(.constdata__ZTVN8touchgfx3HALE)
 <LI><a href="#[d4]">touchgfx::HAL::endFrame()</a> from hal.o(i._ZN8touchgfx3HAL8endFrameEv) referenced from touchgfxhal.o(.constdata__ZTV11TouchGFXHAL)
 <LI><a href="#[d4]">touchgfx::HAL::endFrame()</a> from hal.o(i._ZN8touchgfx3HAL8endFrameEv) referenced from hal.o(.constdata__ZTVN8touchgfx3HALE)
 <LI><a href="#[bc]">touchgfx::HAL::flushDMA()</a> from hal.o(i._ZN8touchgfx3HAL8flushDMAEv) referenced from touchgfxhal.o(.constdata__ZTV11TouchGFXHAL)
 <LI><a href="#[bc]">touchgfx::HAL::flushDMA()</a> from hal.o(i._ZN8touchgfx3HAL8flushDMAEv) referenced from hal.o(.constdata__ZTVN8touchgfx3HALE)
 <LI><a href="#[141]">touchgfx::HAL::blockCopy(void*, const void*, unsigned)</a> from hal.o(i._ZN8touchgfx3HAL9blockCopyEPvPKvj) referenced from hal.o(.constdata__ZTVN8touchgfx3HALE)
 <LI><a href="#[cf]">touchgfx::HAL::taskDelay(unsigned short)</a> from hal.o(i._ZN8touchgfx3HAL9taskDelayEt) referenced from touchgfxhal.o(.constdata__ZTV11TouchGFXHAL)
 <LI><a href="#[cf]">touchgfx::HAL::taskDelay(unsigned short)</a> from hal.o(i._ZN8touchgfx3HAL9taskDelayEt) referenced from hal.o(.constdata__ZTVN8touchgfx3HALE)
 <LI><a href="#[b9]">touchgfx::HAL::taskEntry()</a> from hal.o(i._ZN8touchgfx3HAL9taskEntryEv) referenced from touchgfxhal.o(.constdata__ZTV11TouchGFXHAL)
 <LI><a href="#[b9]">touchgfx::HAL::taskEntry()</a> from hal.o(i._ZN8touchgfx3HAL9taskEntryEv) referenced from hal.o(.constdata__ZTVN8touchgfx3HALE)
 <LI><a href="#[171]">touchgfx::LCD::drawTextureMapScanLine(const touchgfx::DrawingSurface&, const touchgfx::Gradients&, const touchgfx::Edge*, const touchgfx::Edge*, const touchgfx::TextureSurface&, const touchgfx::Rect&, const touchgfx::Rect&, unsigned short, unsigned char, unsigned short)</a> from lcd.o(i._ZN8touchgfx3LCD22drawTextureMapScanLineERKNS_14DrawingSurfaceERKNS_9GradientsEPKNS_4EdgeES9_RKNS_14TextureSurfaceERKNS_4RectESF_tht) referenced from lcd16bpp.o(.constdata__ZTVN8touchgfx8LCD16bppE)
 <LI><a href="#[77]">touchgfx::Rect::Rect()</a> from application.o(i._ZN8touchgfx4RectC1Ev) referenced from application.o(i._ZN8touchgfx11Application19cacheDrawOperationsEb)
 <LI><a href="#[77]">touchgfx::Rect::Rect()</a> from application.o(i._ZN8touchgfx4RectC1Ev) referenced from application.o(i._ZN8touchgfx11ApplicationC1Ev)
 <LI><a href="#[147]">touchgfx::Image::setBitmap(const touchgfx::Bitmap&)</a> from image.o(i._ZN8touchgfx5Image9setBitmapERKNS_6BitmapE) referenced from image.o(.constdata__ZTVN8touchgfx5ImageE)
 <LI><a href="#[74]">touchgfx::BlitOp::BlitOp()</a> from stm32dma.o(i._ZN8touchgfx6BlitOpC1Ev) referenced from stm32dma.o(i._ZN10STM32F4DMAC1Ev)
 <LI><a href="#[149]">touchgfx::Button::setBitmaps(const touchgfx::Bitmap&, const touchgfx::Bitmap&)</a> from button.o(i._ZN8touchgfx6Button10setBitmapsERKNS_6BitmapES3_) referenced from button.o(.constdata__ZTVN8touchgfx6ButtonE)
 <LI><a href="#[78]">touchgfx::Point4::Point4()</a> from texturemapper.o(i._ZN8touchgfx6Point4C1Ev) referenced from texturemapper.o(i._ZN8touchgfx13TextureMapper19applyTransformationEv)
 <LI><a href="#[14b]">touchgfx::Screen::setupScreen()</a> from screen.o(i._ZN8touchgfx6Screen11setupScreenEv) referenced from screen.o(.constdata__ZTVN8touchgfx6ScreenE)
 <LI><a href="#[b7]">touchgfx::Screen::handleKeyEvent(unsigned char)</a> from screen.o(i._ZN8touchgfx6Screen14handleKeyEventEh) referenced from screenview.o(.constdata__ZTV10screenView)
 <LI><a href="#[b7]">touchgfx::Screen::handleKeyEvent(unsigned char)</a> from screen.o(i._ZN8touchgfx6Screen14handleKeyEventEh) referenced from screenviewbase.o(.constdata__ZTV14screenViewBase)
 <LI><a href="#[b7]">touchgfx::Screen::handleKeyEvent(unsigned char)</a> from screen.o(i._ZN8touchgfx6Screen14handleKeyEventEh) referenced from screen.o(.constdata__ZTVN8touchgfx6ScreenE)
 <LI><a href="#[db]">touchgfx::Screen::tearDownScreen()</a> from screen.o(i._ZN8touchgfx6Screen14tearDownScreenEv) referenced from screenviewbase.o(.constdata__ZTV14screenViewBase)
 <LI><a href="#[db]">touchgfx::Screen::tearDownScreen()</a> from screen.o(i._ZN8touchgfx6Screen14tearDownScreenEv) referenced from screen.o(.constdata__ZTVN8touchgfx6ScreenE)
 <LI><a href="#[b1]">touchgfx::Screen::afterTransition()</a> from screen.o(i._ZN8touchgfx6Screen15afterTransitionEv) referenced from screenview.o(.constdata__ZTV10screenView)
 <LI><a href="#[b1]">touchgfx::Screen::afterTransition()</a> from screen.o(i._ZN8touchgfx6Screen15afterTransitionEv) referenced from screenviewbase.o(.constdata__ZTV14screenViewBase)
 <LI><a href="#[b1]">touchgfx::Screen::afterTransition()</a> from screen.o(i._ZN8touchgfx6Screen15afterTransitionEv) referenced from screen.o(.constdata__ZTVN8touchgfx6ScreenE)
 <LI><a href="#[b4]">touchgfx::Screen::handleDragEvent(const touchgfx::DragEvent&)</a> from screen.o(i._ZN8touchgfx6Screen15handleDragEventERKNS_9DragEventE) referenced from screenview.o(.constdata__ZTV10screenView)
 <LI><a href="#[b4]">touchgfx::Screen::handleDragEvent(const touchgfx::DragEvent&)</a> from screen.o(i._ZN8touchgfx6Screen15handleDragEventERKNS_9DragEventE) referenced from screenviewbase.o(.constdata__ZTV14screenViewBase)
 <LI><a href="#[b4]">touchgfx::Screen::handleDragEvent(const touchgfx::DragEvent&)</a> from screen.o(i._ZN8touchgfx6Screen15handleDragEventERKNS_9DragEventE) referenced from screen.o(.constdata__ZTVN8touchgfx6ScreenE)
 <LI><a href="#[b6]">touchgfx::Screen::handleTickEvent()</a> from screen.o(i._ZN8touchgfx6Screen15handleTickEventEv) referenced from screenview.o(.constdata__ZTV10screenView)
 <LI><a href="#[b6]">touchgfx::Screen::handleTickEvent()</a> from screen.o(i._ZN8touchgfx6Screen15handleTickEventEv) referenced from screenviewbase.o(.constdata__ZTV14screenViewBase)
 <LI><a href="#[b6]">touchgfx::Screen::handleTickEvent()</a> from screen.o(i._ZN8touchgfx6Screen15handleTickEventEv) referenced from screen.o(.constdata__ZTVN8touchgfx6ScreenE)
 <LI><a href="#[b3]">touchgfx::Screen::handleClickEvent(const touchgfx::ClickEvent&)</a> from screen.o(i._ZN8touchgfx6Screen16handleClickEventERKNS_10ClickEventE) referenced from screenview.o(.constdata__ZTV10screenView)
 <LI><a href="#[b3]">touchgfx::Screen::handleClickEvent(const touchgfx::ClickEvent&)</a> from screen.o(i._ZN8touchgfx6Screen16handleClickEventERKNS_10ClickEventE) referenced from screenviewbase.o(.constdata__ZTV14screenViewBase)
 <LI><a href="#[b3]">touchgfx::Screen::handleClickEvent(const touchgfx::ClickEvent&)</a> from screen.o(i._ZN8touchgfx6Screen16handleClickEventERKNS_10ClickEventE) referenced from screen.o(.constdata__ZTVN8touchgfx6ScreenE)
 <LI><a href="#[b5]">touchgfx::Screen::handleGestureEvent(const touchgfx::GestureEvent&)</a> from screen.o(i._ZN8touchgfx6Screen18handleGestureEventERKNS_12GestureEventE) referenced from screenview.o(.constdata__ZTV10screenView)
 <LI><a href="#[b5]">touchgfx::Screen::handleGestureEvent(const touchgfx::GestureEvent&)</a> from screen.o(i._ZN8touchgfx6Screen18handleGestureEventERKNS_12GestureEventE) referenced from screenviewbase.o(.constdata__ZTV14screenViewBase)
 <LI><a href="#[b5]">touchgfx::Screen::handleGestureEvent(const touchgfx::GestureEvent&)</a> from screen.o(i._ZN8touchgfx6Screen18handleGestureEventERKNS_12GestureEventE) referenced from screen.o(.constdata__ZTVN8touchgfx6ScreenE)
 <LI><a href="#[af]">touchgfx::Screen::draw(touchgfx::Rect&)</a> from screen.o(i._ZN8touchgfx6Screen4drawERNS_4RectE) referenced from screenview.o(.constdata__ZTV10screenView)
 <LI><a href="#[af]">touchgfx::Screen::draw(touchgfx::Rect&)</a> from screen.o(i._ZN8touchgfx6Screen4drawERNS_4RectE) referenced from screenviewbase.o(.constdata__ZTV14screenViewBase)
 <LI><a href="#[af]">touchgfx::Screen::draw(touchgfx::Rect&)</a> from screen.o(i._ZN8touchgfx6Screen4drawERNS_4RectE) referenced from screen.o(.constdata__ZTVN8touchgfx6ScreenE)
 <LI><a href="#[14a]">touchgfx::Screen::~Screen()</a> from screen.o(i._ZN8touchgfx6ScreenD1Ev) referenced from screen.o(.constdata__ZTVN8touchgfx6ScreenE)
 <LI><a href="#[115]">touchgfx::Widget::getLastChild(short, short, touchgfx::Drawable**)</a> from box.o(i._ZN8touchgfx6Widget12getLastChildEssPPNS_8DrawableE) referenced from togglebutton.o(.constdata__ZTVN8touchgfx12ToggleButtonE)
 <LI><a href="#[115]">touchgfx::Widget::getLastChild(short, short, touchgfx::Drawable**)</a> from box.o(i._ZN8touchgfx6Widget12getLastChildEssPPNS_8DrawableE) referenced from texturemapper.o(.constdata__ZTVN8touchgfx13TextureMapperE)
 <LI><a href="#[115]">touchgfx::Widget::getLastChild(short, short, touchgfx::Drawable**)</a> from box.o(i._ZN8touchgfx6Widget12getLastChildEssPPNS_8DrawableE) referenced from animationtexturemapper.o(.constdata__ZTVN8touchgfx22AnimationTextureMapperE)
 <LI><a href="#[115]">touchgfx::Widget::getLastChild(short, short, touchgfx::Drawable**)</a> from box.o(i._ZN8touchgfx6Widget12getLastChildEssPPNS_8DrawableE) referenced from box.o(.constdata__ZTVN8touchgfx3BoxE)
 <LI><a href="#[115]">touchgfx::Widget::getLastChild(short, short, touchgfx::Drawable**)</a> from box.o(i._ZN8touchgfx6Widget12getLastChildEssPPNS_8DrawableE) referenced from image.o(.constdata__ZTVN8touchgfx5ImageE)
 <LI><a href="#[115]">touchgfx::Widget::getLastChild(short, short, touchgfx::Drawable**)</a> from box.o(i._ZN8touchgfx6Widget12getLastChildEssPPNS_8DrawableE) referenced from button.o(.constdata__ZTVN8touchgfx6ButtonE)
 <LI><a href="#[115]">touchgfx::Widget::getLastChild(short, short, touchgfx::Drawable**)</a> from box.o(i._ZN8touchgfx6Widget12getLastChildEssPPNS_8DrawableE) referenced from screenviewbase.o(.constdata__ZTVN8touchgfx6WidgetE)
 <LI><a href="#[115]">touchgfx::Widget::getLastChild(short, short, touchgfx::Drawable**)</a> from box.o(i._ZN8touchgfx6Widget12getLastChildEssPPNS_8DrawableE) referenced from textarea.o(.constdata__ZTVN8touchgfx8TextAreaE)
 <LI><a href="#[14c]">touchgfx::Callback&lang;FrontendApplicationBase, void, void, void&rang;::execute()</a> from frontendapplicationbase.o(t._ZN8touchgfx8CallbackI23FrontendApplicationBasevvvE7executeEv) referenced from frontendapplicationbase.o(.constdata__ZTVN8touchgfx8CallbackI23FrontendApplicationBasevvvEE)
 <LI><a href="#[f3]">touchgfx::Drawable::setPosition(short, short, short, short)</a> from analogclock.o(i._ZN8touchgfx8Drawable11setPositionEssss) referenced from analogclock.o(.constdata__ZTVN8touchgfx11AnalogClockE)
 <LI><a href="#[f3]">touchgfx::Drawable::setPosition(short, short, short, short)</a> from analogclock.o(i._ZN8touchgfx8Drawable11setPositionEssss) referenced from togglebutton.o(.constdata__ZTVN8touchgfx12ToggleButtonE)
 <LI><a href="#[f3]">touchgfx::Drawable::setPosition(short, short, short, short)</a> from analogclock.o(i._ZN8touchgfx8Drawable11setPositionEssss) referenced from abstractclock.o(.constdata__ZTVN8touchgfx13AbstractClockE)
 <LI><a href="#[f3]">touchgfx::Drawable::setPosition(short, short, short, short)</a> from analogclock.o(i._ZN8touchgfx8Drawable11setPositionEssss) referenced from texturemapper.o(.constdata__ZTVN8touchgfx13TextureMapperE)
 <LI><a href="#[f3]">touchgfx::Drawable::setPosition(short, short, short, short)</a> from analogclock.o(i._ZN8touchgfx8Drawable11setPositionEssss) referenced from animationtexturemapper.o(.constdata__ZTVN8touchgfx22AnimationTextureMapperE)
 <LI><a href="#[f3]">touchgfx::Drawable::setPosition(short, short, short, short)</a> from analogclock.o(i._ZN8touchgfx8Drawable11setPositionEssss) referenced from box.o(.constdata__ZTVN8touchgfx3BoxE)
 <LI><a href="#[f3]">touchgfx::Drawable::setPosition(short, short, short, short)</a> from analogclock.o(i._ZN8touchgfx8Drawable11setPositionEssss) referenced from image.o(.constdata__ZTVN8touchgfx5ImageE)
 <LI><a href="#[f3]">touchgfx::Drawable::setPosition(short, short, short, short)</a> from analogclock.o(i._ZN8touchgfx8Drawable11setPositionEssss) referenced from button.o(.constdata__ZTVN8touchgfx6ButtonE)
 <LI><a href="#[f3]">touchgfx::Drawable::setPosition(short, short, short, short)</a> from analogclock.o(i._ZN8touchgfx8Drawable11setPositionEssss) referenced from screenviewbase.o(.constdata__ZTVN8touchgfx6WidgetE)
 <LI><a href="#[f3]">touchgfx::Drawable::setPosition(short, short, short, short)</a> from analogclock.o(i._ZN8touchgfx8Drawable11setPositionEssss) referenced from textarea.o(.constdata__ZTVN8touchgfx8TextAreaE)
 <LI><a href="#[f3]">touchgfx::Drawable::setPosition(short, short, short, short)</a> from analogclock.o(i._ZN8touchgfx8Drawable11setPositionEssss) referenced from container.o(.constdata__ZTVN8touchgfx9ContainerE)
 <LI><a href="#[117]">touchgfx::Drawable::setupDrawChain(const touchgfx::Rect&, touchgfx::Drawable**)</a> from box.o(i._ZN8touchgfx8Drawable14setupDrawChainERKNS_4RectEPPS0_) referenced from togglebutton.o(.constdata__ZTVN8touchgfx12ToggleButtonE)
 <LI><a href="#[117]">touchgfx::Drawable::setupDrawChain(const touchgfx::Rect&, touchgfx::Drawable**)</a> from box.o(i._ZN8touchgfx8Drawable14setupDrawChainERKNS_4RectEPPS0_) referenced from texturemapper.o(.constdata__ZTVN8touchgfx13TextureMapperE)
 <LI><a href="#[117]">touchgfx::Drawable::setupDrawChain(const touchgfx::Rect&, touchgfx::Drawable**)</a> from box.o(i._ZN8touchgfx8Drawable14setupDrawChainERKNS_4RectEPPS0_) referenced from animationtexturemapper.o(.constdata__ZTVN8touchgfx22AnimationTextureMapperE)
 <LI><a href="#[117]">touchgfx::Drawable::setupDrawChain(const touchgfx::Rect&, touchgfx::Drawable**)</a> from box.o(i._ZN8touchgfx8Drawable14setupDrawChainERKNS_4RectEPPS0_) referenced from box.o(.constdata__ZTVN8touchgfx3BoxE)
 <LI><a href="#[117]">touchgfx::Drawable::setupDrawChain(const touchgfx::Rect&, touchgfx::Drawable**)</a> from box.o(i._ZN8touchgfx8Drawable14setupDrawChainERKNS_4RectEPPS0_) referenced from image.o(.constdata__ZTVN8touchgfx5ImageE)
 <LI><a href="#[117]">touchgfx::Drawable::setupDrawChain(const touchgfx::Rect&, touchgfx::Drawable**)</a> from box.o(i._ZN8touchgfx8Drawable14setupDrawChainERKNS_4RectEPPS0_) referenced from button.o(.constdata__ZTVN8touchgfx6ButtonE)
 <LI><a href="#[117]">touchgfx::Drawable::setupDrawChain(const touchgfx::Rect&, touchgfx::Drawable**)</a> from box.o(i._ZN8touchgfx8Drawable14setupDrawChainERKNS_4RectEPPS0_) referenced from screenviewbase.o(.constdata__ZTVN8touchgfx6WidgetE)
 <LI><a href="#[117]">touchgfx::Drawable::setupDrawChain(const touchgfx::Rect&, touchgfx::Drawable**)</a> from box.o(i._ZN8touchgfx8Drawable14setupDrawChainERKNS_4RectEPPS0_) referenced from textarea.o(.constdata__ZTVN8touchgfx8TextAreaE)
 <LI><a href="#[fb]">touchgfx::Drawable::handleDragEvent(const touchgfx::DragEvent&)</a> from analogclock.o(i._ZN8touchgfx8Drawable15handleDragEventERKNS_9DragEventE) referenced from analogclock.o(.constdata__ZTVN8touchgfx11AnalogClockE)
 <LI><a href="#[fb]">touchgfx::Drawable::handleDragEvent(const touchgfx::DragEvent&)</a> from analogclock.o(i._ZN8touchgfx8Drawable15handleDragEventERKNS_9DragEventE) referenced from togglebutton.o(.constdata__ZTVN8touchgfx12ToggleButtonE)
 <LI><a href="#[fb]">touchgfx::Drawable::handleDragEvent(const touchgfx::DragEvent&)</a> from analogclock.o(i._ZN8touchgfx8Drawable15handleDragEventERKNS_9DragEventE) referenced from abstractclock.o(.constdata__ZTVN8touchgfx13AbstractClockE)
 <LI><a href="#[fb]">touchgfx::Drawable::handleDragEvent(const touchgfx::DragEvent&)</a> from analogclock.o(i._ZN8touchgfx8Drawable15handleDragEventERKNS_9DragEventE) referenced from texturemapper.o(.constdata__ZTVN8touchgfx13TextureMapperE)
 <LI><a href="#[fb]">touchgfx::Drawable::handleDragEvent(const touchgfx::DragEvent&)</a> from analogclock.o(i._ZN8touchgfx8Drawable15handleDragEventERKNS_9DragEventE) referenced from animationtexturemapper.o(.constdata__ZTVN8touchgfx22AnimationTextureMapperE)
 <LI><a href="#[fb]">touchgfx::Drawable::handleDragEvent(const touchgfx::DragEvent&)</a> from analogclock.o(i._ZN8touchgfx8Drawable15handleDragEventERKNS_9DragEventE) referenced from box.o(.constdata__ZTVN8touchgfx3BoxE)
 <LI><a href="#[fb]">touchgfx::Drawable::handleDragEvent(const touchgfx::DragEvent&)</a> from analogclock.o(i._ZN8touchgfx8Drawable15handleDragEventERKNS_9DragEventE) referenced from image.o(.constdata__ZTVN8touchgfx5ImageE)
 <LI><a href="#[fb]">touchgfx::Drawable::handleDragEvent(const touchgfx::DragEvent&)</a> from analogclock.o(i._ZN8touchgfx8Drawable15handleDragEventERKNS_9DragEventE) referenced from button.o(.constdata__ZTVN8touchgfx6ButtonE)
 <LI><a href="#[fb]">touchgfx::Drawable::handleDragEvent(const touchgfx::DragEvent&)</a> from analogclock.o(i._ZN8touchgfx8Drawable15handleDragEventERKNS_9DragEventE) referenced from screenviewbase.o(.constdata__ZTVN8touchgfx6WidgetE)
 <LI><a href="#[fb]">touchgfx::Drawable::handleDragEvent(const touchgfx::DragEvent&)</a> from analogclock.o(i._ZN8touchgfx8Drawable15handleDragEventERKNS_9DragEventE) referenced from textarea.o(.constdata__ZTVN8touchgfx8TextAreaE)
 <LI><a href="#[fb]">touchgfx::Drawable::handleDragEvent(const touchgfx::DragEvent&)</a> from analogclock.o(i._ZN8touchgfx8Drawable15handleDragEventERKNS_9DragEventE) referenced from container.o(.constdata__ZTVN8touchgfx9ContainerE)
 <LI><a href="#[fc]">touchgfx::Drawable::handleTickEvent()</a> from analogclock.o(i._ZN8touchgfx8Drawable15handleTickEventEv) referenced from analogclock.o(.constdata__ZTVN8touchgfx11AnalogClockE)
 <LI><a href="#[fc]">touchgfx::Drawable::handleTickEvent()</a> from analogclock.o(i._ZN8touchgfx8Drawable15handleTickEventEv) referenced from togglebutton.o(.constdata__ZTVN8touchgfx12ToggleButtonE)
 <LI><a href="#[fc]">touchgfx::Drawable::handleTickEvent()</a> from analogclock.o(i._ZN8touchgfx8Drawable15handleTickEventEv) referenced from abstractclock.o(.constdata__ZTVN8touchgfx13AbstractClockE)
 <LI><a href="#[fc]">touchgfx::Drawable::handleTickEvent()</a> from analogclock.o(i._ZN8touchgfx8Drawable15handleTickEventEv) referenced from texturemapper.o(.constdata__ZTVN8touchgfx13TextureMapperE)
 <LI><a href="#[fc]">touchgfx::Drawable::handleTickEvent()</a> from analogclock.o(i._ZN8touchgfx8Drawable15handleTickEventEv) referenced from box.o(.constdata__ZTVN8touchgfx3BoxE)
 <LI><a href="#[fc]">touchgfx::Drawable::handleTickEvent()</a> from analogclock.o(i._ZN8touchgfx8Drawable15handleTickEventEv) referenced from image.o(.constdata__ZTVN8touchgfx5ImageE)
 <LI><a href="#[fc]">touchgfx::Drawable::handleTickEvent()</a> from analogclock.o(i._ZN8touchgfx8Drawable15handleTickEventEv) referenced from button.o(.constdata__ZTVN8touchgfx6ButtonE)
 <LI><a href="#[fc]">touchgfx::Drawable::handleTickEvent()</a> from analogclock.o(i._ZN8touchgfx8Drawable15handleTickEventEv) referenced from screenviewbase.o(.constdata__ZTVN8touchgfx6WidgetE)
 <LI><a href="#[fc]">touchgfx::Drawable::handleTickEvent()</a> from analogclock.o(i._ZN8touchgfx8Drawable15handleTickEventEv) referenced from textarea.o(.constdata__ZTVN8touchgfx8TextAreaE)
 <LI><a href="#[fc]">touchgfx::Drawable::handleTickEvent()</a> from analogclock.o(i._ZN8touchgfx8Drawable15handleTickEventEv) referenced from container.o(.constdata__ZTVN8touchgfx9ContainerE)
 <LI><a href="#[f9]">touchgfx::Drawable::handleClickEvent(const touchgfx::ClickEvent&)</a> from analogclock.o(i._ZN8touchgfx8Drawable16handleClickEventERKNS_10ClickEventE) referenced from analogclock.o(.constdata__ZTVN8touchgfx11AnalogClockE)
 <LI><a href="#[f9]">touchgfx::Drawable::handleClickEvent(const touchgfx::ClickEvent&)</a> from analogclock.o(i._ZN8touchgfx8Drawable16handleClickEventERKNS_10ClickEventE) referenced from abstractclock.o(.constdata__ZTVN8touchgfx13AbstractClockE)
 <LI><a href="#[f9]">touchgfx::Drawable::handleClickEvent(const touchgfx::ClickEvent&)</a> from analogclock.o(i._ZN8touchgfx8Drawable16handleClickEventERKNS_10ClickEventE) referenced from texturemapper.o(.constdata__ZTVN8touchgfx13TextureMapperE)
 <LI><a href="#[f9]">touchgfx::Drawable::handleClickEvent(const touchgfx::ClickEvent&)</a> from analogclock.o(i._ZN8touchgfx8Drawable16handleClickEventERKNS_10ClickEventE) referenced from animationtexturemapper.o(.constdata__ZTVN8touchgfx22AnimationTextureMapperE)
 <LI><a href="#[f9]">touchgfx::Drawable::handleClickEvent(const touchgfx::ClickEvent&)</a> from analogclock.o(i._ZN8touchgfx8Drawable16handleClickEventERKNS_10ClickEventE) referenced from box.o(.constdata__ZTVN8touchgfx3BoxE)
 <LI><a href="#[f9]">touchgfx::Drawable::handleClickEvent(const touchgfx::ClickEvent&)</a> from analogclock.o(i._ZN8touchgfx8Drawable16handleClickEventERKNS_10ClickEventE) referenced from image.o(.constdata__ZTVN8touchgfx5ImageE)
 <LI><a href="#[f9]">touchgfx::Drawable::handleClickEvent(const touchgfx::ClickEvent&)</a> from analogclock.o(i._ZN8touchgfx8Drawable16handleClickEventERKNS_10ClickEventE) referenced from screenviewbase.o(.constdata__ZTVN8touchgfx6WidgetE)
 <LI><a href="#[f9]">touchgfx::Drawable::handleClickEvent(const touchgfx::ClickEvent&)</a> from analogclock.o(i._ZN8touchgfx8Drawable16handleClickEventERKNS_10ClickEventE) referenced from textarea.o(.constdata__ZTVN8touchgfx8TextAreaE)
 <LI><a href="#[f9]">touchgfx::Drawable::handleClickEvent(const touchgfx::ClickEvent&)</a> from analogclock.o(i._ZN8touchgfx8Drawable16handleClickEventERKNS_10ClickEventE) referenced from container.o(.constdata__ZTVN8touchgfx9ContainerE)
 <LI><a href="#[fa]">touchgfx::Drawable::handleGestureEvent(const touchgfx::GestureEvent&)</a> from analogclock.o(i._ZN8touchgfx8Drawable18handleGestureEventERKNS_12GestureEventE) referenced from analogclock.o(.constdata__ZTVN8touchgfx11AnalogClockE)
 <LI><a href="#[fa]">touchgfx::Drawable::handleGestureEvent(const touchgfx::GestureEvent&)</a> from analogclock.o(i._ZN8touchgfx8Drawable18handleGestureEventERKNS_12GestureEventE) referenced from togglebutton.o(.constdata__ZTVN8touchgfx12ToggleButtonE)
 <LI><a href="#[fa]">touchgfx::Drawable::handleGestureEvent(const touchgfx::GestureEvent&)</a> from analogclock.o(i._ZN8touchgfx8Drawable18handleGestureEventERKNS_12GestureEventE) referenced from abstractclock.o(.constdata__ZTVN8touchgfx13AbstractClockE)
 <LI><a href="#[fa]">touchgfx::Drawable::handleGestureEvent(const touchgfx::GestureEvent&)</a> from analogclock.o(i._ZN8touchgfx8Drawable18handleGestureEventERKNS_12GestureEventE) referenced from texturemapper.o(.constdata__ZTVN8touchgfx13TextureMapperE)
 <LI><a href="#[fa]">touchgfx::Drawable::handleGestureEvent(const touchgfx::GestureEvent&)</a> from analogclock.o(i._ZN8touchgfx8Drawable18handleGestureEventERKNS_12GestureEventE) referenced from animationtexturemapper.o(.constdata__ZTVN8touchgfx22AnimationTextureMapperE)
 <LI><a href="#[fa]">touchgfx::Drawable::handleGestureEvent(const touchgfx::GestureEvent&)</a> from analogclock.o(i._ZN8touchgfx8Drawable18handleGestureEventERKNS_12GestureEventE) referenced from box.o(.constdata__ZTVN8touchgfx3BoxE)
 <LI><a href="#[fa]">touchgfx::Drawable::handleGestureEvent(const touchgfx::GestureEvent&)</a> from analogclock.o(i._ZN8touchgfx8Drawable18handleGestureEventERKNS_12GestureEventE) referenced from image.o(.constdata__ZTVN8touchgfx5ImageE)
 <LI><a href="#[fa]">touchgfx::Drawable::handleGestureEvent(const touchgfx::GestureEvent&)</a> from analogclock.o(i._ZN8touchgfx8Drawable18handleGestureEventERKNS_12GestureEventE) referenced from button.o(.constdata__ZTVN8touchgfx6ButtonE)
 <LI><a href="#[fa]">touchgfx::Drawable::handleGestureEvent(const touchgfx::GestureEvent&)</a> from analogclock.o(i._ZN8touchgfx8Drawable18handleGestureEventERKNS_12GestureEventE) referenced from screenviewbase.o(.constdata__ZTVN8touchgfx6WidgetE)
 <LI><a href="#[fa]">touchgfx::Drawable::handleGestureEvent(const touchgfx::GestureEvent&)</a> from analogclock.o(i._ZN8touchgfx8Drawable18handleGestureEventERKNS_12GestureEventE) referenced from textarea.o(.constdata__ZTVN8touchgfx8TextAreaE)
 <LI><a href="#[fa]">touchgfx::Drawable::handleGestureEvent(const touchgfx::GestureEvent&)</a> from analogclock.o(i._ZN8touchgfx8Drawable18handleGestureEventERKNS_12GestureEventE) referenced from container.o(.constdata__ZTVN8touchgfx9ContainerE)
 <LI><a href="#[f4]">touchgfx::Drawable::setX(short)</a> from analogclock.o(i._ZN8touchgfx8Drawable4setXEs) referenced from analogclock.o(.constdata__ZTVN8touchgfx11AnalogClockE)
 <LI><a href="#[f4]">touchgfx::Drawable::setX(short)</a> from analogclock.o(i._ZN8touchgfx8Drawable4setXEs) referenced from togglebutton.o(.constdata__ZTVN8touchgfx12ToggleButtonE)
 <LI><a href="#[f4]">touchgfx::Drawable::setX(short)</a> from analogclock.o(i._ZN8touchgfx8Drawable4setXEs) referenced from abstractclock.o(.constdata__ZTVN8touchgfx13AbstractClockE)
 <LI><a href="#[f4]">touchgfx::Drawable::setX(short)</a> from analogclock.o(i._ZN8touchgfx8Drawable4setXEs) referenced from texturemapper.o(.constdata__ZTVN8touchgfx13TextureMapperE)
 <LI><a href="#[f4]">touchgfx::Drawable::setX(short)</a> from analogclock.o(i._ZN8touchgfx8Drawable4setXEs) referenced from animationtexturemapper.o(.constdata__ZTVN8touchgfx22AnimationTextureMapperE)
 <LI><a href="#[f4]">touchgfx::Drawable::setX(short)</a> from analogclock.o(i._ZN8touchgfx8Drawable4setXEs) referenced from box.o(.constdata__ZTVN8touchgfx3BoxE)
 <LI><a href="#[f4]">touchgfx::Drawable::setX(short)</a> from analogclock.o(i._ZN8touchgfx8Drawable4setXEs) referenced from image.o(.constdata__ZTVN8touchgfx5ImageE)
 <LI><a href="#[f4]">touchgfx::Drawable::setX(short)</a> from analogclock.o(i._ZN8touchgfx8Drawable4setXEs) referenced from button.o(.constdata__ZTVN8touchgfx6ButtonE)
 <LI><a href="#[f4]">touchgfx::Drawable::setX(short)</a> from analogclock.o(i._ZN8touchgfx8Drawable4setXEs) referenced from screenviewbase.o(.constdata__ZTVN8touchgfx6WidgetE)
 <LI><a href="#[f4]">touchgfx::Drawable::setX(short)</a> from analogclock.o(i._ZN8touchgfx8Drawable4setXEs) referenced from textarea.o(.constdata__ZTVN8touchgfx8TextAreaE)
 <LI><a href="#[f4]">touchgfx::Drawable::setX(short)</a> from analogclock.o(i._ZN8touchgfx8Drawable4setXEs) referenced from container.o(.constdata__ZTVN8touchgfx9ContainerE)
 <LI><a href="#[f5]">touchgfx::Drawable::setY(short)</a> from analogclock.o(i._ZN8touchgfx8Drawable4setYEs) referenced from analogclock.o(.constdata__ZTVN8touchgfx11AnalogClockE)
 <LI><a href="#[f5]">touchgfx::Drawable::setY(short)</a> from analogclock.o(i._ZN8touchgfx8Drawable4setYEs) referenced from togglebutton.o(.constdata__ZTVN8touchgfx12ToggleButtonE)
 <LI><a href="#[f5]">touchgfx::Drawable::setY(short)</a> from analogclock.o(i._ZN8touchgfx8Drawable4setYEs) referenced from abstractclock.o(.constdata__ZTVN8touchgfx13AbstractClockE)
 <LI><a href="#[f5]">touchgfx::Drawable::setY(short)</a> from analogclock.o(i._ZN8touchgfx8Drawable4setYEs) referenced from texturemapper.o(.constdata__ZTVN8touchgfx13TextureMapperE)
 <LI><a href="#[f5]">touchgfx::Drawable::setY(short)</a> from analogclock.o(i._ZN8touchgfx8Drawable4setYEs) referenced from animationtexturemapper.o(.constdata__ZTVN8touchgfx22AnimationTextureMapperE)
 <LI><a href="#[f5]">touchgfx::Drawable::setY(short)</a> from analogclock.o(i._ZN8touchgfx8Drawable4setYEs) referenced from box.o(.constdata__ZTVN8touchgfx3BoxE)
 <LI><a href="#[f5]">touchgfx::Drawable::setY(short)</a> from analogclock.o(i._ZN8touchgfx8Drawable4setYEs) referenced from image.o(.constdata__ZTVN8touchgfx5ImageE)
 <LI><a href="#[f5]">touchgfx::Drawable::setY(short)</a> from analogclock.o(i._ZN8touchgfx8Drawable4setYEs) referenced from button.o(.constdata__ZTVN8touchgfx6ButtonE)
 <LI><a href="#[f5]">touchgfx::Drawable::setY(short)</a> from analogclock.o(i._ZN8touchgfx8Drawable4setYEs) referenced from screenviewbase.o(.constdata__ZTVN8touchgfx6WidgetE)
[...]
<LI><a href="#[2f1]">&gt;&gt;</a>&nbsp;&nbsp;&nbsp;touchgfx::Screen::bindTransition(touchgfx::Transition&)
<LI><a href="#[2ef]">&gt;&gt;</a>&nbsp;&nbsp;&nbsp;touchgfx::Application::clearAllTimerWidgets()
<LI><a href="#[1f3]">&gt;&gt;</a>&nbsp;&nbsp;&nbsp;screenView::screenView()
<LI><a href="#[2f0]">&gt;&gt;</a>&nbsp;&nbsp;&nbsp;screenPresenter::screenPresenter(screenView&)
</UL>
<BR>[Called By]<UL><LI><a href="#[9e]">&gt;&gt;</a>&nbsp;&nbsp;&nbsp;FrontendApplicationBase::gotoscreenScreenNoTransitionImpl()
</UL>

<P><STRONG><a name="[14c]"></a>touchgfx::Callback&lang;FrontendApplicationBase, void, void, void&rang;::execute()</STRONG> (Thumb, 22 bytes, Stack size 0 bytes, frontendapplicationbase.o(t._ZN8touchgfx8CallbackI23FrontendApplicationBasevvvE7executeEv))
<BR>[Address Reference Count : 1]<UL><LI> frontendapplicationbase.o(.constdata__ZTVN8touchgfx8CallbackI23FrontendApplicationBasevvvEE)
</UL>
<P><STRONG><a name="[178]"></a>touchgfx::Partition&lang;touchgfx::meta::TypeList&lang;screenView, touchgfx::meta::TypeList&lang;touchgfx::meta::Nil, touchgfx::meta::Nil&rang;&rang;, (unsigned short)1&rang;::element_size()</STRONG> (Thumb, 6 bytes, Stack size 0 bytes, touchgfxconfiguration.o(t._ZN8touchgfx9PartitionINS_4meta8TypeListI10screenViewNS2_INS1_3NilES4_EEEELt1EE12element_sizeEv))
<BR>[Address Reference Count : 1]<UL><LI> touchgfxconfiguration.o(.constdata__ZTVN8touchgfx9PartitionINS_4meta8TypeListI10screenViewNS2_INS1_3NilES4_EEEELt1EEE)
</UL>
<P><STRONG><a name="[179]"></a>touchgfx::Partition&lang;touchgfx::meta::TypeList&lang;screenView, touchgfx::meta::TypeList&lang;touchgfx::meta::Nil, touchgfx::meta::Nil&rang;&rang;, (unsigned short)1&rang;::element(unsigned short)</STRONG> (Thumb, 16 bytes, Stack size 0 bytes, touchgfxconfiguration.o(t._ZN8touchgfx9PartitionINS_4meta8TypeListI10screenViewNS2_INS1_3NilES4_EEEELt1EE7elementEt))
<BR>[Address Reference Count : 1]<UL><LI> touchgfxconfiguration.o(.constdata__ZTVN8touchgfx9PartitionINS_4meta8TypeListI10screenViewNS2_INS1_3NilES4_EEEELt1EEE)
</UL>
<P><STRONG><a name="[17a]"></a>touchgfx::Partition&lang;touchgfx::meta::TypeList&lang;screenPresenter, touchgfx::meta::TypeList&lang;touchgfx::meta::Nil, touchgfx::meta::Nil&rang;&rang;, (unsigned short)1&rang;::element_size()</STRONG> (Thumb, 4 bytes, Stack size 0 bytes, touchgfxconfiguration.o(t._ZN8touchgfx9PartitionINS_4meta8TypeListI15screenPresenterNS2_INS1_3NilES4_EEEELt1EE12element_sizeEv))
<BR>[Address Reference Count : 1]<UL><LI> touchgfxconfiguration.o(.constdata__ZTVN8touchgfx9PartitionINS_4meta8TypeListI15screenPresenterNS2_INS1_3NilES4_EEEELt1EEE)
</UL>
<P><STRONG><a name="[17b]"></a>touchgfx::Partition&lang;touchgfx::meta::TypeList&lang;screenPresenter, touchgfx::meta::TypeList&lang;touchgfx::meta::Nil, touchgfx::meta::Nil&rang;&rang;, (unsigned short)1&rang;::element(unsigned short)</STRONG> (Thumb, 8 bytes, Stack size 0 bytes, touchgfxconfiguration.o(t._ZN8touchgfx9PartitionINS_4meta8TypeListI15screenPresenterNS2_INS1_3NilES4_EEEELt1EE7elementEt))
<BR>[Address Reference Count : 1]<UL><LI> touchgfxconfiguration.o(.constdata__ZTVN8touchgfx9PartitionINS_4meta8TypeListI15screenPresenterNS2_INS1_3NilES4_EEEELt1EEE)
</UL>
<P><STRONG><a name="[17c]"></a>touchgfx::Partition&lang;touchgfx::meta::TypeList&lang;touchgfx::NoTransition, touchgfx::meta::TypeList&lang;touchgfx::meta::Nil, touchgfx::meta::Nil&rang;&rang;, (unsigned short)1&rang;::element_size()</STRONG> (Thumb, 4 bytes, Stack size 0 bytes, touchgfxconfiguration.o(t._ZN8touchgfx9PartitionINS_4meta8TypeListINS_12NoTransitionENS2_INS1_3NilES4_EEEELt1EE12element_sizeEv))
<BR>[Address Reference Count : 1]<UL><LI> touchgfxconfiguration.o(.constdata__ZTVN8touchgfx9PartitionINS_4meta8TypeListINS_12NoTransitionENS2_INS1_3NilES4_EEEELt1EEE)
</UL>
<P><STRONG><a name="[17d]"></a>touchgfx::Partition&lang;touchgfx::meta::TypeList&lang;touchgfx::NoTransition, touchgfx::meta::TypeList&lang;touchgfx::meta::Nil, touchgfx::meta::Nil&rang;&rang;, (unsigned short)1&rang;::element(unsigned short)</STRONG> (Thumb, 12 bytes, Stack size 0 bytes, touchgfxconfiguration.o(t._ZN8touchgfx9PartitionINS_4meta8TypeListINS_12NoTransitionENS2_INS1_3NilES4_EEEELt1EE7elementEt))
<BR>[Address Reference Count : 1]<UL><LI> touchgfxconfiguration.o(.constdata__ZTVN8touchgfx9PartitionINS_4meta8TypeListINS_12NoTransitionENS2_INS1_3NilES4_EEEELt1EEE)
</UL>
<P><STRONG><a name="[14d]"></a>touchgfx::Callback&lang;FrontendApplicationBase, void, void, void&rang;::isValid() const</STRONG> (Thumb, 24 bytes, Stack size 0 bytes, frontendapplicationbase.o(t._ZNK8touchgfx8CallbackI23FrontendApplicationBasevvvE7isValidEv))
<BR>[Address Reference Count : 1]<UL><LI> frontendapplicationbase.o(.constdata__ZTVN8touchgfx8CallbackI23FrontendApplicationBasevvvEE)
</UL><P>
<H3>
Local Symbols
</H3>
<P><STRONG><a name="[1a8]"></a>HAL_FMC_MspInit</STRONG> (Thumb, 162 bytes, Stack size 0 bytes, fmc.o(i.HAL_FMC_MspInit))
<BR><BR>[Calls]<UL><LI><a href="#[1aa]">&gt;&gt;</a>&nbsp;&nbsp;&nbsp;HAL_GPIO_Init
<LI><a href="#[1a9]">&gt;&gt;</a>&nbsp;&nbsp;&nbsp;__aeabi_memclr4
</UL>
<BR>[Called By]<UL><LI><a href="#[1c7]">&gt;&gt;</a>&nbsp;&nbsp;&nbsp;HAL_SDRAM_MspInit
</UL>

<P><STRONG><a name="[1c0]"></a>__NVIC_SetPriority</STRONG> (Thumb, 32 bytes, Stack size 0 bytes, stm32f4xx_hal_cortex.o(i.__NVIC_SetPriority))
<BR><BR>[Called By]<UL><LI><a href="#[1af]">&gt;&gt;</a>&nbsp;&nbsp;&nbsp;HAL_SYSTICK_Config
<LI><a href="#[1a4]">&gt;&gt;</a>&nbsp;&nbsp;&nbsp;HAL_NVIC_SetPriority
</UL>

<P><STRONG><a name="[19b]"></a>DMA2D_SetConfig</STRONG> (Thumb, 150 bytes, Stack size 0 bytes, stm32f4xx_hal_dma2d.o(i.DMA2D_SetConfig))
<BR><BR>[Called By]<UL><LI><a href="#[1a6]">&gt;&gt;</a>&nbsp;&nbsp;&nbsp;HAL_DMA2D_Start_IT
<LI><a href="#[19a]">&gt;&gt;</a>&nbsp;&nbsp;&nbsp;HAL_DMA2D_BlendingStart_IT
</UL>

<P><STRONG><a name="[1b2]"></a>LTDC_SetConfig</STRONG> (Thumb, 354 bytes, Stack size 0 bytes, stm32f4xx_hal_ltdc.o(i.LTDC_SetConfig))
<BR><BR>[Called By]<UL><LI><a href="#[1bf]">&gt;&gt;</a>&nbsp;&nbsp;&nbsp;HAL_LTDC_SetWindowSize
<LI><a href="#[1be]">&gt;&gt;</a>&nbsp;&nbsp;&nbsp;HAL_LTDC_SetWindowPosition
<LI><a href="#[1b0]">&gt;&gt;</a>&nbsp;&nbsp;&nbsp;HAL_LTDC_ConfigLayer
</UL>

<P><STRONG><a name="[1cf]"></a>UART_SetConfig</STRONG> (Thumb, 286 bytes, Stack size 0 bytes, stm32f4xx_hal_uart.o(i.UART_SetConfig))
<BR><BR>[Calls]<UL><LI><a href="#[1e7]">&gt;&gt;</a>&nbsp;&nbsp;&nbsp;HAL_RCC_GetPCLK2Freq
<LI><a href="#[1e8]">&gt;&gt;</a>&nbsp;&nbsp;&nbsp;HAL_RCC_GetPCLK1Freq
<LI><a href="#[189]">&gt;&gt;</a>&nbsp;&nbsp;&nbsp;__aeabi_uldivmod
</UL>
<BR>[Called By]<UL><LI><a href="#[1cd]">&gt;&gt;</a>&nbsp;&nbsp;&nbsp;HAL_UART_Init
</UL>

<P><STRONG><a name="[17e]"></a>__sti___25_TouchGFXConfiguration_cpp_f5abfd34</STRONG> (Thumb, 104 bytes, Stack size 0 bytes, touchgfxconfiguration.o(i.__sti___25_TouchGFXConfiguration_cpp_f5abfd34))
<BR><BR>[Calls]<UL><LI><a href="#[2a0]">&gt;&gt;</a>&nbsp;&nbsp;&nbsp;touchgfx::LCD16bpp::LCD16bpp()
<LI><a href="#[1f0]">&gt;&gt;</a>&nbsp;&nbsp;&nbsp;STM32F4DMA::STM32F4DMA()
<LI><a href="#[2a1]">&gt;&gt;</a>&nbsp;&nbsp;&nbsp;touchgfx::HAL::HAL__sub_object(touchgfx::DMA_Interface&, touchgfx::LCD&, touchgfx::TouchController&, unsigned short, unsigned short)
<LI><a href="#[18f]">&gt;&gt;</a>&nbsp;&nbsp;&nbsp;__aeabi_atexit
</UL>
<BR>[Address Reference Count : 1]<UL><LI> touchgfxconfiguration.o(.init_array)
</UL>
<P><STRONG><a name="[210]"></a>__NVIC_EnableIRQ(IRQn_Type)</STRONG> (Thumb, 26 bytes, Stack size 0 bytes, touchgfxgeneratedhal.o(i._Z16__NVIC_EnableIRQ9IRQn_Type))
<BR><BR>[Called By]<UL><LI><a href="#[1f7]">&gt;&gt;</a>&nbsp;&nbsp;&nbsp;TouchGFXGeneratedHAL::enableInterrupts()
</UL>

<P><STRONG><a name="[211]"></a>__NVIC_DisableIRQ(IRQn_Type)</STRONG> (Thumb, 34 bytes, Stack size 0 bytes, touchgfxgeneratedhal.o(i._Z17__NVIC_DisableIRQ9IRQn_Type))
<BR><BR>[Called By]<UL><LI><a href="#[1f9]">&gt;&gt;</a>&nbsp;&nbsp;&nbsp;TouchGFXGeneratedHAL::disableInterrupts()
</UL>

<P><STRONG><a name="[212]"></a>__NVIC_SetPriority(IRQn_Type, unsigned)</STRONG> (Thumb, 32 bytes, Stack size 0 bytes, touchgfxgeneratedhal.o(i._Z18__NVIC_SetPriority9IRQn_Typej))
<BR><BR>[Called By]<UL><LI><a href="#[1fb]">&gt;&gt;</a>&nbsp;&nbsp;&nbsp;TouchGFXGeneratedHAL::configureInterrupts()
</UL>

<P><STRONG><a name="[1ef]"></a>HAL_DMA2D_SetMode(__DMA2D_HandleTypeDef*, unsigned, unsigned, unsigned)</STRONG> (Thumb, 42 bytes, Stack size 0 bytes, stm32dma.o(i._Z17HAL_DMA2D_SetModeP21__DMA2D_HandleTypeDefjjj))
<BR><BR>[Called By]<UL><LI><a href="#[aa]">&gt;&gt;</a>&nbsp;&nbsp;&nbsp;STM32F4DMA::setupDataFill(const touchgfx::BlitOp&)
<LI><a href="#[a9]">&gt;&gt;</a>&nbsp;&nbsp;&nbsp;STM32F4DMA::setupDataCopy(const touchgfx::BlitOp&)
</UL>

<P><STRONG><a name="[72]"></a>DMA2D_XferCpltCallback(__DMA2D_HandleTypeDef*)</STRONG> (Thumb, 12 bytes, Stack size 0 bytes, stm32dma.o(i._Z22DMA2D_XferCpltCallbackP21__DMA2D_HandleTypeDef))
<BR>[Address Reference Count : 1]<UL><LI> stm32dma.o(i._ZN10STM32F4DMA10initializeEv)
</UL>
<P><STRONG><a name="[73]"></a>DMA2D_XferErrorCallback(__DMA2D_HandleTypeDef*)</STRONG> (Thumb, 4 bytes, Stack size 0 bytes, stm32dma.o(i._Z23DMA2D_XferErrorCallbackP21__DMA2D_HandleTypeDef))
<BR>[Address Reference Count : 1]<UL><LI> stm32dma.o(i._ZN10STM32F4DMA10initializeEv)
</UL>
<P><STRONG><a name="[2bd]"></a>prvCopyDataFromQueue</STRONG> (Thumb, 38 bytes, Stack size 0 bytes, queue.o(i.prvCopyDataFromQueue))
<BR><BR>[Calls]<UL><LI><a href="#[2be]">&gt;&gt;</a>&nbsp;&nbsp;&nbsp;__aeabi_memcpy
</UL>
<BR>[Called By]<UL><LI><a href="#[2a7]">&gt;&gt;</a>&nbsp;&nbsp;&nbsp;xQueueReceiveFromISR
<LI><a href="#[2a6]">&gt;&gt;</a>&nbsp;&nbsp;&nbsp;xQueueReceive
</UL>

<P><STRONG><a name="[2bf]"></a>prvCopyDataToQueue</STRONG> (Thumb, 108 bytes, Stack size 0 bytes, queue.o(i.prvCopyDataToQueue))
<BR><BR>[Calls]<UL><LI><a href="#[2c0]">&gt;&gt;</a>&nbsp;&nbsp;&nbsp;xTaskPriorityDisinherit
<LI><a href="#[2be]">&gt;&gt;</a>&nbsp;&nbsp;&nbsp;__aeabi_memcpy
</UL>
<BR>[Called By]<UL><LI><a href="#[2ac]">&gt;&gt;</a>&nbsp;&nbsp;&nbsp;xQueueGenericSendFromISR
<LI><a href="#[2ab]">&gt;&gt;</a>&nbsp;&nbsp;&nbsp;xQueueGenericSend
</UL>

<P><STRONG><a name="[2c3]"></a>prvInitialiseNewQueue</STRONG> (Thumb, 34 bytes, Stack size 0 bytes, queue.o(i.prvInitialiseNewQueue))
<BR><BR>[Calls]<UL><LI><a href="#[2c4]">&gt;&gt;</a>&nbsp;&nbsp;&nbsp;xQueueGenericReset
</UL>
<BR>[Called By]<UL><LI><a href="#[2a8]">&gt;&gt;</a>&nbsp;&nbsp;&nbsp;xQueueGenericCreateStatic
<LI><a href="#[2a9]">&gt;&gt;</a>&nbsp;&nbsp;&nbsp;xQueueGenericCreate
</UL>

<P><STRONG><a name="[2c9]"></a>prvIsQueueEmpty</STRONG> (Thumb, 28 bytes, Stack size 0 bytes, queue.o(i.prvIsQueueEmpty))
<BR><BR>[Calls]<UL><LI><a href="#[2bb]">&gt;&gt;</a>&nbsp;&nbsp;&nbsp;vPortExitCritical
<LI><a href="#[2b9]">&gt;&gt;</a>&nbsp;&nbsp;&nbsp;vPortEnterCritical
</UL>
<BR>[Called By]<UL><LI><a href="#[2ad]">&gt;&gt;</a>&nbsp;&nbsp;&nbsp;xQueueSemaphoreTake
<LI><a href="#[2a6]">&gt;&gt;</a>&nbsp;&nbsp;&nbsp;xQueueReceive
</UL>

<P><STRONG><a name="[2d3]"></a>prvUnlockQueue</STRONG> (Thumb, 106 bytes, Stack size 0 bytes, queue.o(i.prvUnlockQueue))
<BR><BR>[Calls]<UL><LI><a href="#[2d4]">&gt;&gt;</a>&nbsp;&nbsp;&nbsp;xTaskRemoveFromEventList
<LI><a href="#[2d5]">&gt;&gt;</a>&nbsp;&nbsp;&nbsp;vTaskMissedYield
<LI><a href="#[2bb]">&gt;&gt;</a>&nbsp;&nbsp;&nbsp;vPortExitCritical
<LI><a href="#[2b9]">&gt;&gt;</a>&nbsp;&nbsp;&nbsp;vPortEnterCritical
</UL>
<BR>[Called By]<UL><LI><a href="#[2ad]">&gt;&gt;</a>&nbsp;&nbsp;&nbsp;xQueueSemaphoreTake
<LI><a href="#[2a6]">&gt;&gt;</a>&nbsp;&nbsp;&nbsp;xQueueReceive
<LI><a href="#[2ab]">&gt;&gt;</a>&nbsp;&nbsp;&nbsp;xQueueGenericSend
<LI><a href="#[2d0]">&gt;&gt;</a>&nbsp;&nbsp;&nbsp;vQueueWaitForMessageRestricted
</UL>

<P><STRONG><a name="[2b4]"></a>prvAddCurrentTaskToDelayedList</STRONG> (Thumb, 84 bytes, Stack size 0 bytes, tasks.o(i.prvAddCurrentTaskToDelayedList))
<BR><BR>[Calls]<UL><LI><a href="#[2b6]">&gt;&gt;</a>&nbsp;&nbsp;&nbsp;vListInsertEnd
<LI><a href="#[2b7]">&gt;&gt;</a>&nbsp;&nbsp;&nbsp;vListInsert
<LI><a href="#[2b5]">&gt;&gt;</a>&nbsp;&nbsp;&nbsp;uxListRemove
</UL>
<BR>[Called By]<UL><LI><a href="#[2df]">&gt;&gt;</a>&nbsp;&nbsp;&nbsp;vTaskPlaceOnEventListRestricted
<LI><a href="#[2e0]">&gt;&gt;</a>&nbsp;&nbsp;&nbsp;vTaskPlaceOnEventList
<LI><a href="#[2a4]">&gt;&gt;</a>&nbsp;&nbsp;&nbsp;vTaskDelay
</UL>

<P><STRONG><a name="[2b8]"></a>prvAddNewTaskToReadyList</STRONG> (Thumb, 190 bytes, Stack size 0 bytes, tasks.o(i.prvAddNewTaskToReadyList))
<BR><BR>[Calls]<UL><LI><a href="#[2b6]">&gt;&gt;</a>&nbsp;&nbsp;&nbsp;vListInsertEnd
<LI><a href="#[2bb]">&gt;&gt;</a>&nbsp;&nbsp;&nbsp;vPortExitCritical
<LI><a href="#[2b9]">&gt;&gt;</a>&nbsp;&nbsp;&nbsp;vPortEnterCritical
<LI><a href="#[2ba]">&gt;&gt;</a>&nbsp;&nbsp;&nbsp;vListInitialise
</UL>
<BR>[Called By]<UL><LI><a href="#[2b2]">&gt;&gt;</a>&nbsp;&nbsp;&nbsp;xTaskCreateStatic
<LI><a href="#[2b3]">&gt;&gt;</a>&nbsp;&nbsp;&nbsp;xTaskCreate
</UL>

<P><STRONG><a name="[2c1]"></a>prvDeleteTCB</STRONG> (Thumb, 52 bytes, Stack size 0 bytes, tasks.o(i.prvDeleteTCB))
<BR><BR>[Calls]<UL><LI><a href="#[2c2]">&gt;&gt;</a>&nbsp;&nbsp;&nbsp;vPortFree
</UL>
<BR>[Called By]<UL><LI><a href="#[9c]">&gt;&gt;</a>&nbsp;&nbsp;&nbsp;prvIdleTask
</UL>

<P><STRONG><a name="[9c]"></a>prvIdleTask</STRONG> (Thumb, 82 bytes, Stack size 0 bytes, tasks.o(i.prvIdleTask))
<BR><BR>[Calls]<UL><LI><a href="#[2b5]">&gt;&gt;</a>&nbsp;&nbsp;&nbsp;uxListRemove
<LI><a href="#[2bb]">&gt;&gt;</a>&nbsp;&nbsp;&nbsp;vPortExitCritical
<LI><a href="#[2b9]">&gt;&gt;</a>&nbsp;&nbsp;&nbsp;vPortEnterCritical
<LI><a href="#[2c1]">&gt;&gt;</a>&nbsp;&nbsp;&nbsp;prvDeleteTCB
</UL>
<BR>[Address Reference Count : 1]<UL><LI> tasks.o(i.vTaskStartScheduler)
</UL>
<P><STRONG><a name="[2c5]"></a>prvInitialiseNewTask</STRONG> (Thumb, 176 bytes, Stack size 0 bytes, tasks.o(i.prvInitialiseNewTask))
<BR><BR>[Calls]<UL><LI><a href="#[2c6]">&gt;&gt;</a>&nbsp;&nbsp;&nbsp;vListInitialiseItem
<LI><a href="#[2c7]">&gt;&gt;</a>&nbsp;&nbsp;&nbsp;pxPortInitialiseStack
<LI><a href="#[18d]">&gt;&gt;</a>&nbsp;&nbsp;&nbsp;__aeabi_memset
</UL>
<BR>[Called By]<UL><LI><a href="#[2b2]">&gt;&gt;</a>&nbsp;&nbsp;&nbsp;xTaskCreateStatic
<LI><a href="#[2b3]">&gt;&gt;</a>&nbsp;&nbsp;&nbsp;xTaskCreate
</UL>

<P><STRONG><a name="[2ed]"></a>prvResetNextTaskUnblockTime</STRONG> (Thumb, 26 bytes, Stack size 0 bytes, tasks.o(i.prvResetNextTaskUnblockTime))
<BR><BR>[Called By]<UL><LI><a href="#[2cf]">&gt;&gt;</a>&nbsp;&nbsp;&nbsp;xTaskResumeAll
<LI><a href="#[2e8]">&gt;&gt;</a>&nbsp;&nbsp;&nbsp;xTaskIncrementTick
</UL>

<P><STRONG><a name="[2bc]"></a>prvCheckForValidListAndQueue</STRONG> (Thumb, 72 bytes, Stack size 0 bytes, timers.o(i.prvCheckForValidListAndQueue))
<BR><BR>[Calls]<UL><LI><a href="#[2a8]">&gt;&gt;</a>&nbsp;&nbsp;&nbsp;xQueueGenericCreateStatic
<LI><a href="#[2aa]">&gt;&gt;</a>&nbsp;&nbsp;&nbsp;vQueueAddToRegistry
<LI><a href="#[2bb]">&gt;&gt;</a>&nbsp;&nbsp;&nbsp;vPortExitCritical
<LI><a href="#[2b9]">&gt;&gt;</a>&nbsp;&nbsp;&nbsp;vPortEnterCritical
<LI><a href="#[2ba]">&gt;&gt;</a>&nbsp;&nbsp;&nbsp;vListInitialise
</UL>
<BR>[Called By]<UL><LI><a href="#[2e3]">&gt;&gt;</a>&nbsp;&nbsp;&nbsp;xTimerCreateTimerTask
</UL>

<P><STRONG><a name="[2c8]"></a>prvInsertTimerInActiveList</STRONG> (Thumb, 52 bytes, Stack size 0 bytes, timers.o(i.prvInsertTimerInActiveList))
<BR><BR>[Calls]<UL><LI><a href="#[2b7]">&gt;&gt;</a>&nbsp;&nbsp;&nbsp;vListInsert
</UL>
<BR>[Called By]<UL><LI><a href="#[2cd]">&gt;&gt;</a>&nbsp;&nbsp;&nbsp;prvProcessTimerOrBlockTask
<LI><a href="#[2ca]">&gt;&gt;</a>&nbsp;&nbsp;&nbsp;prvProcessReceivedCommands
</UL>

<P><STRONG><a name="[2ca]"></a>prvProcessReceivedCommands</STRONG> (Thumb, 248 bytes, Stack size 0 bytes, timers.o(i.prvProcessReceivedCommands))
<BR><BR>[Calls]<UL><LI><a href="#[2a6]">&gt;&gt;</a>&nbsp;&nbsp;&nbsp;xQueueReceive
<LI><a href="#[2b5]">&gt;&gt;</a>&nbsp;&nbsp;&nbsp;uxListRemove
<LI><a href="#[2c2]">&gt;&gt;</a>&nbsp;&nbsp;&nbsp;vPortFree
<LI><a href="#[2cc]">&gt;&gt;</a>&nbsp;&nbsp;&nbsp;xTimerGenericCommand
<LI><a href="#[2cb]">&gt;&gt;</a>&nbsp;&nbsp;&nbsp;prvSampleTimeNow
<LI><a href="#[2c8]">&gt;&gt;</a>&nbsp;&nbsp;&nbsp;prvInsertTimerInActiveList
</UL>
<BR>[Called By]<UL><LI><a href="#[9d]">&gt;&gt;</a>&nbsp;&nbsp;&nbsp;prvTimerTask
</UL>

<P><STRONG><a name="[2cd]"></a>prvProcessTimerOrBlockTask</STRONG> (Thumb, 182 bytes, Stack size 0 bytes, timers.o(i.prvProcessTimerOrBlockTask))
<BR><BR>[Calls]<UL><LI><a href="#[2d0]">&gt;&gt;</a>&nbsp;&nbsp;&nbsp;vQueueWaitForMessageRestricted
<LI><a href="#[2b5]">&gt;&gt;</a>&nbsp;&nbsp;&nbsp;uxListRemove
<LI><a href="#[2cf]">&gt;&gt;</a>&nbsp;&nbsp;&nbsp;xTaskResumeAll
<LI><a href="#[2ce]">&gt;&gt;</a>&nbsp;&nbsp;&nbsp;vTaskSuspendAll
<LI><a href="#[2cc]">&gt;&gt;</a>&nbsp;&nbsp;&nbsp;xTimerGenericCommand
<LI><a href="#[2cb]">&gt;&gt;</a>&nbsp;&nbsp;&nbsp;prvSampleTimeNow
<LI><a href="#[2c8]">&gt;&gt;</a>&nbsp;&nbsp;&nbsp;prvInsertTimerInActiveList
</UL>
<BR>[Called By]<UL><LI><a href="#[9d]">&gt;&gt;</a>&nbsp;&nbsp;&nbsp;prvTimerTask
</UL>

<P><STRONG><a name="[2cb]"></a>prvSampleTimeNow</STRONG> (Thumb, 36 bytes, Stack size 0 bytes, timers.o(i.prvSampleTimeNow))
<BR><BR>[Calls]<UL><LI><a href="#[2d2]">&gt;&gt;</a>&nbsp;&nbsp;&nbsp;prvSwitchTimerLists
<LI><a href="#[2d1]">&gt;&gt;</a>&nbsp;&nbsp;&nbsp;xTaskGetTickCount
</UL>
<BR>[Called By]<UL><LI><a href="#[2cd]">&gt;&gt;</a>&nbsp;&nbsp;&nbsp;prvProcessTimerOrBlockTask
<LI><a href="#[2ca]">&gt;&gt;</a>&nbsp;&nbsp;&nbsp;prvProcessReceivedCommands
</UL>

<P><STRONG><a name="[2d2]"></a>prvSwitchTimerLists</STRONG> (Thumb, 104 bytes, Stack size 0 bytes, timers.o(i.prvSwitchTimerLists))
<BR><BR>[Calls]<UL><LI><a href="#[2b7]">&gt;&gt;</a>&nbsp;&nbsp;&nbsp;vListInsert
<LI><a href="#[2b5]">&gt;&gt;</a>&nbsp;&nbsp;&nbsp;uxListRemove
<LI><a href="#[2cc]">&gt;&gt;</a>&nbsp;&nbsp;&nbsp;xTimerGenericCommand
</UL>
<BR>[Called By]<UL><LI><a href="#[2cb]">&gt;&gt;</a>&nbsp;&nbsp;&nbsp;prvSampleTimeNow
</UL>

<P><STRONG><a name="[9d]"></a>prvTimerTask</STRONG> (Thumb, 32 bytes, Stack size 0 bytes, timers.o(i.prvTimerTask))
<BR><BR>[Calls]<UL><LI><a href="#[2cd]">&gt;&gt;</a>&nbsp;&nbsp;&nbsp;prvProcessTimerOrBlockTask
<LI><a href="#[2ca]">&gt;&gt;</a>&nbsp;&nbsp;&nbsp;prvProcessReceivedCommands
</UL>
<BR>[Address Reference Count : 1]<UL><LI> timers.o(i.xTimerCreateTimerTask)
</UL>
<P><STRONG><a name="[2d7]"></a>prvHeapInit</STRONG> (Thumb, 66 bytes, Stack size 0 bytes, heap_4.o(i.prvHeapInit))
<BR><BR>[Called By]<UL><LI><a href="#[2d6]">&gt;&gt;</a>&nbsp;&nbsp;&nbsp;pvPortMalloc
</UL>

<P><STRONG><a name="[2d8]"></a>prvInsertBlockIntoFreeList</STRONG> (Thumb, 72 bytes, Stack size 0 bytes, heap_4.o(i.prvInsertBlockIntoFreeList))
<BR><BR>[Called By]<UL><LI><a href="#[2c2]">&gt;&gt;</a>&nbsp;&nbsp;&nbsp;vPortFree
<LI><a href="#[2d6]">&gt;&gt;</a>&nbsp;&nbsp;&nbsp;pvPortMalloc
</UL>

<P><STRONG><a name="[9a]"></a>prvTaskExitError</STRONG> (Thumb, 36 bytes, Stack size 0 bytes, port.o(i.prvTaskExitError))
<BR>[Address Reference Count : 1]<UL><LI> port.o(i.pxPortInitialiseStack)
</UL>
<P><STRONG><a name="[17f]"></a>__sti___21_typedtextdatabase_cpp_05ec7672</STRONG> (Thumb, 24 bytes, Stack size 0 bytes, typedtextdatabase.o(i.__sti___21_typedtextdatabase_cpp_05ec7672))
<BR><BR>[Calls]<UL><LI><a href="#[1ed]">&gt;&gt;</a>&nbsp;&nbsp;&nbsp;getFont_verdana_40_4bpp()
<LI><a href="#[1ec]">&gt;&gt;</a>&nbsp;&nbsp;&nbsp;getFont_verdana_20_4bpp()
<LI><a href="#[1e9]">&gt;&gt;</a>&nbsp;&nbsp;&nbsp;getFont_verdana_10_4bpp()
</UL>
<BR>[Address Reference Count : 1]<UL><LI> typedtextdatabase.o(.init_array)
</UL>
<P><STRONG><a name="[180]"></a>__sti___15_Application_cpp</STRONG> (Thumb, 24 bytes, Stack size 0 bytes, application.o(i.__sti___15_Application_cpp))
<BR>[Address Reference Count : 1]<UL><LI> application.o(.init_array)
</UL>
<P><STRONG><a name="[181]"></a>__sti___7_LCD_cpp</STRONG> (Thumb, 8 bytes, Stack size 0 bytes, lcd.o(i.__sti___7_LCD_cpp))
<BR>[Address Reference Count : 1]<UL><LI> lcd.o(.init_array)
</UL><P>
<H3>
Undefined Global Symbols
</H3><HR></body></html>
